stm32l4xx_it.c:91:6:NMI_Handler	4	static
stm32l4xx_it.c:103:6:HardFault_Handler	4	static,ignoring_inline_asm
stm32l4xx_it.c:118:6:MemManage_Handler	4	static
stm32l4xx_it.c:131:6:BusFault_Handler	4	static
stm32l4xx_it.c:144:6:UsageFault_Handler	4	static
stm32l4xx_it.c:157:6:SVC_Handler	4	static
stm32l4xx_it.c:166:6:DebugMon_Handler	4	static
stm32l4xx_it.c:175:6:PendSV_Handler	4	static
stm32l4xx_it.c:184:6:SysTick_Handler	8	static
stm32l4xx_it.c:205:6:RTC_Alarm_IRQHandler	8	static
stm32l4xx_it.c:210:6:EXTI0_IRQHandler	8	static
stm32l4xx_it.c:215:6:EXTI1_IRQHandler	8	static
stm32l4xx_it.c:220:6:EXTI2_IRQHandler	8	static
stm32l4xx_it.c:225:6:EXTI3_IRQHandler	8	static
stm32l4xx_it.c:230:6:EXTI4_IRQHandler	8	static
stm32l4xx_it.c:236:6:EXTI9_5_IRQHandler	8	static
stm32l4xx_it.c:249:6:EXTI15_10_IRQHandler	8	static
