sx1280.c:63:9:SX1280complement2	24	static
sx1280.c:73:6:SX1280Init	16	static
sx1280.c:80:6:SX1280SetRegistersDefault	16	static
sx1280.c:88:10:SX1280GetFirmwareVersion	16	static
sx1280.c:93:15:SX1280GetStatus	16	static
sx1280.c:103:23:SX1280GetOpMode	4	static
sx1280.c:108:6:SX1280SetSleep	24	static
sx1280.c:119:6:SX1280SetStandby	16	static
sx1280.c:132:6:SX1280SetFs	8	static
sx1280.c:138:6:SX1280SetTx	24	static
sx1280.c:157:6:SX1280SetRx	24	static
sx1280.c:176:6:SX1280SetRxDutyCycle	24	static
sx1280.c:189:6:SX1280SetCad	8	static
sx1280.c:195:6:SX1280SetTxContinuousWave	8	static
sx1280.c:200:6:SX1280SetTxContinuousPreamble	8	static
sx1280.c:205:6:SX1280SetPacketType	16	static
sx1280.c:213:20:SX1280GetPacketType	4	static
sx1280.c:218:6:SX1280SetRfFrequency	32	static
sx1280.c:230:6:SX1280SetTxParams	24	static
sx1280.c:241:6:SX1280SetCadParams	16	static
sx1280.c:247:6:SX1280SetBufferBaseAddresses	24	static
sx1280.c:256:6:SX1280SetModulationParams	24	static
sx1280.c:304:6:SX1280SetPacketParams	24	static
sx1280.c:371:6:SX1280GetRxBufferStatus	24	static
sx1280.c:397:6:SX1280GetPacketStatus	24	static
sx1280.c:489:8:SX1280GetRssiInst	16	static
sx1280.c:498:6:SX1280SetDioIrqParams	32	static
sx1280.c:513:10:SX1280GetIrqStatus	16	static
sx1280.c:522:6:SX1280ClearIrqStatus	24	static
sx1280.c:531:6:SX1280Calibrate	24	static
sx1280.c:543:6:SX1280SetRegulatorMode	16	static
sx1280.c:548:6:SX1280SetSaveContext	8	static
sx1280.c:553:6:SX1280SetAutoTx	24	static
sx1280.c:563:6:SX1280StopAutoTx	16	static
sx1280.c:569:6:SX1280SetAutoFS	16	static
sx1280.c:574:6:SX1280SetLongPreamble	16	static
sx1280.c:579:6:SX1280SetPayload	16	static
sx1280.c:584:9:SX1280GetPayload	32	static
sx1280.c:597:6:SX1280SendPayload	24	static
sx1280.c:603:9:SX1280SetSyncWord	24	static
sx1280.c:676:6:SX1280SetSyncWordErrorTolerance	16	static
sx1280.c:682:6:SX1280SetCrcSeed	24	static
sx1280.c:701:6:SX1280SetBleAccessAddress	16	static
sx1280.c:709:6:SX1280SetBleAdvertizerAccessAddress	8	static
sx1280.c:714:6:SX1280SetCrcPolynomial	24	static
sx1280.c:733:6:SX1280SetWhiteningSeed	16	static
sx1280.c:748:6:SX1280EnableManualGain	8	static
sx1280.c:754:6:SX1280DisableManualGain	8	static
sx1280.c:760:6:SX1280SetManualGainValue	16	static
sx1280.c:765:6:SX1280SetLNAGainSetting	16	static
sx1280.c:782:6:SX1280SetRangingIdLength	24	static
sx1280.c:795:6:SX1280SetDeviceRangingAddress	24	static
sx1280.c:810:6:SX1280SetRangingRequestAddress	24	static
sx1280.c:825:8:SX1280GetRangingResult	40	static
sx1280.c:864:9:SX1280GetRangingPowerDeltaThresholdIndicator	8	static
sx1280.c:872:6:SX1280SetRangingCalibration	16	static
sx1280.c:886:6:SX1280RangingClearFilterResult	16	static
sx1280.c:895:6:SX1280RangingSetFilterNumSamples	16	static
sx1280.c:901:8:SX1280ParseHexFileLine	296	static
sx1280.c:930:6:SX1280SetRangingRole	24	static
sx1280.c:938:8:SX1280GetHexFileLineFields	40	static
sx1280.c:999:8:SX1280GetFrequencyError	32	static
sx1280.c:1028:6:SX1280SetPollingMode	4	static
sx1280.c:1033:9:SX1280GetLoRaBandwidth	16	static
sx1280.c:1061:8:SX1280GetRangingCorrectionPerSfBwGain	32	static
sx1280.c:1106:8:SX1280ComputeRangingCorrectionPolynome	64	static
sx1280.c:1156:6:SX1280SetInterruptMode	4	static
sx1280.c:1161:6:SX1280OnDioIrq	8	static
sx1280.c:1178:6:SX1280ProcessIrqs	16	static
