sx1280_custom.c:5:6:sxSpiTransmit	24	static
sx1280_custom.c:10:6:sxSpiTransmitReceive	32	static
sx1280_custom.c:17:6:sxInit	32	static
sx1280_custom.c:50:6:sxSetDio1Pin	24	static
sx1280_custom.c:55:6:SetStandbyRC	24	static
sx1280_custom.c:62:6:SetTxContinuousWave	24	static
sx1280_custom.c:68:6:SetRfFrequency	24	static
sx1280_custom.c:78:6:SetRfFrequency2	24	static
sx1280_custom.c:88:6:setPacketLora	24	static
sx1280_custom.c:94:6:setPacketRanging	24	static
sx1280_custom.c:100:7:sxSingleRanging	32	static
sx1280_custom.c:112:6:SetTxParams	24	static
sx1280_custom.c:119:6:SetBufferBaseAddresses	24	static
sx1280_custom.c:126:6:SetModulationParams	24	static
sx1280_custom.c:134:6:SetPacketParamsLora	24	static
sx1280_custom.c:140:6:WriteBuffer	32	static
sx1280_custom.c:150:6:ReadBuffer	32	static
sx1280_custom.c:158:6:SetDioIrqParams	40	static
sx1280_custom.c:173:6:ClrIrqStatus	24	static
sx1280_custom.c:181:6:SetTx	24	static
sx1280_custom.c:190:6:SetRx	24	static
sx1280_custom.c:199:6:GetPacketStatusLora	24	static
sx1280_custom.c:212:6:GetRxBufferStatus	16	static
sx1280_custom.c:216:6:WriteRegisterByte	24	static
sx1280_custom.c:225:6:WriteRegisterBytes	32	static
