w25qxx.c:19:9:W25qxx_Spi	32	static
w25qxx.c:26:10:W25qxx_ReadID	24	static
w25qxx.c:39:6:W25qxx_ReadUniqID	24	static
w25qxx.c:50:6:W25qxx_WriteEnable	8	static
w25qxx.c:58:6:W25qxx_WriteDisable	8	static
w25qxx.c:66:9:W25qxx_ReadStatusRegister	24	static
w25qxx.c:92:6:W25qxx_WriteStatusRegister	16	static
w25qxx.c:114:6:W25qxx_WaitForWriteEnd	8	static
w25qxx.c:128:9:W25qxx_Init	16	static
w25qxx.c:248:9:W25qxx_Initnon	16	static
w25qxx.c:368:9:W25qxx_EraseChip	8	static
w25qxx.c:389:6:W25qxx_EraseSector	16	static
w25qxx.c:417:6:W25qxx_EraseBlock	16	static
w25qxx.c:447:13:W25qxx_PageToSector	16	static
w25qxx.c:452:13:W25qxx_PageToBlock	16	static
w25qxx.c:457:13:W25qxx_SectorToBlock	16	static
w25qxx.c:462:13:W25qxx_SectorToPage	16	static
w25qxx.c:467:13:W25qxx_BlockToPage	16	static
w25qxx.c:472:9:W25qxx_IsEmptyPage	72	static
w25qxx.c:541:9:W25qxx_IsEmptySector	72	static
w25qxx.c:610:9:W25qxx_IsEmptyBlock	72	static
w25qxx.c:679:6:W25qxx_WriteByte	16	static
w25qxx.c:706:9:W25qxx_WritePage	24	static
w25qxx.c:752:9:W25qxx_WriteSector	40	static
w25qxx.c:791:9:W25qxx_WriteBlock	40	static
w25qxx.c:830:9:W25qxx_ReadByte	16	static
w25qxx.c:855:6:W25qxx_ReadBytes	24	static
w25qxx.c:893:9:W25qxx_ReadPage	24	static
w25qxx.c:937:9:W25qxx_ReadPageNon	24	static
w25qxx.c:982:9:W25qxx_ReadSector	40	static
w25qxx.c:1021:9:W25qxx_ReadBlock	40	static
