usbd_conf.c:68:6:HAL_PCD_MspInit	48	static
usbd_conf.c:101:6:HAL_PCD_MspDeInit	8	static
usbd_conf.c:134:6:HAL_PCD_SetupStageCallback	0	static
usbd_conf.c:149:6:HAL_PCD_DataOutStageCallback	0	static
usbd_conf.c:164:6:HAL_PCD_DataInStageCallback	0	static
usbd_conf.c:178:6:HAL_PCD_SOFCallback	0	static
usbd_conf.c:192:6:HAL_PCD_ResetCallback	8	static
usbd_conf.c:225:6:HAL_PCD_SuspendCallback	8	static
usbd_conf.c:250:6:HAL_PCD_ResumeCallback	0	static
usbd_conf.c:268:6:HAL_PCD_ISOOUTIncompleteCallback	0	static
usbd_conf.c:283:6:HAL_PCD_ISOINIncompleteCallback	0	static
usbd_conf.c:297:6:HAL_PCD_ConnectCallback	0	static
usbd_conf.c:311:6:HAL_PCD_DisconnectCallback	0	static
usbd_conf.c:326:20:USBD_LL_Init	8	static
usbd_conf.c:376:20:USBD_LL_DeInit	8	static
usbd_conf.c:393:20:USBD_LL_Start	8	static
usbd_conf.c:410:20:USBD_LL_Stop	8	static
usbd_conf.c:430:20:USBD_LL_OpenEP	8	static
usbd_conf.c:448:20:USBD_LL_CloseEP	8	static
usbd_conf.c:466:20:USBD_LL_FlushEP	8	static
usbd_conf.c:484:20:USBD_LL_StallEP	8	static
usbd_conf.c:502:20:USBD_LL_ClearStallEP	8	static
usbd_conf.c:520:9:USBD_LL_IsStallEP	0	static
usbd_conf.c:540:20:USBD_LL_SetUSBAddress	8	static
usbd_conf.c:560:20:USBD_LL_Transmit	8	static
usbd_conf.c:580:20:USBD_LL_PrepareReceive	8	static
usbd_conf.c:598:10:USBD_LL_GetRxDataSize	0	static
usbd_conf.c:609:6:HAL_PCDEx_LPM_Callback	8	static
usbd_conf.c:644:6:USBD_LL_Delay	0	static
usbd_conf.c:654:20:USBD_Get_USB_Status	0	static
