user_diskio_spi.c:102:6:xchg_spi	32	static
user_diskio_spi.c:145:5:wait_ready	16	static
user_diskio_spi.c:172:6:despiselect	8	static
user_diskio_spi.c:186:5:spiselect	8	static
user_diskio_spi.c:260:6:send_cmd	16	static
user_diskio_spi.c:232:5:xmit_datablock.part.0	16	static
user_diskio_spi.c:87:6:SPI_Timer_On	8	static
user_diskio_spi.c:92:9:SPI_Timer_Status	8	static
user_diskio_spi.c:203:5:rcvr_datablock	16	static
user_diskio_spi.c:317:16:USER_SPI_initialize	32	static
user_diskio_spi.c:373:16:USER_SPI_status	0	static
user_diskio_spi.c:388:16:USER_SPI_read	16	static
user_diskio_spi.c:427:16:USER_SPI_write	16	static
user_diskio_spi.c:468:16:USER_SPI_ioctl	32	static
