main.c:95:6:SetStandbyRC	24	static
main.c:104:6:SetTxContinuousWave	24	static
main.c:114:6:SetRfFrequency	32	static
main.c:128:6:SetRfFrequency2	32	static
main.c:142:6:setPacketLora	24	static
main.c:152:6:SetTxParams	32	static
main.c:163:6:SetBufferBaseAddresses	32	static
main.c:173:6:SetModulationParams	40	static
main.c:184:6:SetPacketParamsLora	32	static
main.c:192:6:WriteBuffer	24	static
main.c:201:6:ReadBuffer	24	static
main.c:209:6:SetDioIrqParams	40	static
main.c:227:6:ClrIrqStatus	24	static
main.c:238:6:SetTx	24	static
main.c:249:6:SetRx	24	static
main.c:260:6:GetPacketStatus	24	static
main.c:269:6:GetRxBufferStatus	4	static
main.c:273:6:WriteRegisterByte	24	static
main.c:284:6:loraTesting	64	static
main.c:392:6:loraOrientation	504	static
main.c:527:6:servoToggleTest	8	static
main.c:537:6:infiniteKSP	8	static
main.c:543:6:startupMusic	8	static
main.c:578:6:SDTesting	1552	static
main.c:728:6:BWtest	40	static
main.c:800:5:main	616	static
main.c:998:6:SystemClock_Config	184	static
main.c:1056:13:MX_ADC1_Init	24	static
main.c:1103:13:MX_I2C3_Init	8	static
main.c:1135:13:MX_SPI1_Init	8	static
main.c:1171:13:MX_SPI2_Init	8	static
main.c:1207:13:MX_SPI3_Init	8	static
main.c:1243:13:MX_TIM2_Init	48	static
main.c:1294:13:MX_TIM3_Init	64	static
main.c:1363:13:MX_GPIO_Init	48	static
main.c:1434:6:playtone	40	static
main.c:1466:6:playtoneRTOS	40	static
main.c:1498:6:changeLed	16	static
main.c:1515:6:jingleBell	320	static
main.c:1574:6:rick	592	static
main.c:1670:6:ksp	16	static
main.c:1703:6:StartLedTask	16	static
main.c:1722:6:StartMusicTask	16	static
main.c:1741:6:startStateMachine	16	static
main.c:1759:6:HAL_TIM_PeriodElapsedCallback	16	static
main.c:1775:6:Error_Handler	4	static,ignoring_inline_asm
