main.c:188:7:get_battery_voltage	24	static
main.c:195:9:is_armed	8	static
main.c:199:9:is_soft_enabled	8	static
main.c:203:9:is_breakwire_connected	8	static
main.c:207:9:is_debug_connected	8	static
main.c:211:6:buzzer_beep	16	static
main.c:220:6:set_status_led	16	static
main.c:224:9:is_vote_asserted	4	static
main.c:228:6:loraTesting	112	static
main.c:314:6:loraOrientation	592	static
main.c:427:6:servoToggleTest	8	static
main.c:437:6:infiniteKSP	8	static
main.c:443:6:startupMusic	8	static
main.c:478:6:SDTesting	1552	static
main.c:628:6:BWtest	40	static
main.c:700:5:main	656	static
main.c:907:6:SystemClock_Config	184	static
main.c:970:13:MX_ADC1_Init	24	static
main.c:1020:13:MX_I2C3_Init	8	static
main.c:1054:13:MX_SPI1_Init	8	static
main.c:1092:13:MX_SPI2_Init	8	static
main.c:1130:13:MX_SPI3_Init	8	static
main.c:1168:13:MX_TIM2_Init	48	static
main.c:1217:13:MX_TIM3_Init	64	static
main.c:1290:13:MX_GPIO_Init	48	static
main.c:1374:6:playtone	40	static
main.c:1406:6:playtoneRTOS	40	static
main.c:1438:6:changeLed	16	static
main.c:1455:6:jingleBell	320	static
main.c:1497:6:rick	592	static
main.c:1593:6:ksp	16	static
main.c:1626:6:StartLedTask	16	static
main.c:1648:6:StartMusicTask	56	static
main.c:1740:6:startStateMachine	48	static
main.c:1901:6:StartTelemTask	520	static
main.c:1989:6:HAL_TIM_PeriodElapsedCallback	16	static
main.c:2006:6:Error_Handler	4	static,ignoring_inline_asm
