main.c:199:7:get_battery_voltage	24	static
main.c:206:9:is_armed	8	static
main.c:210:9:is_armed_debounce	16	static
main.c:220:9:is_soft_enabled	8	static
main.c:224:9:is_breakwire_connected	8	static
main.c:228:9:is_breakwire_broken_debounce	16	static
main.c:238:6:buzzer_beep	16	static
main.c:247:6:buzzer_clear_queue	8	static
main.c:251:6:pulse_recording_button	8	static
main.c:257:6:enable_recording	8	static
main.c:264:6:disable_recording	8	static
main.c:271:6:enable_camera	8	static
main.c:276:6:disable_camera	8	static
main.c:286:6:restart_camera_with_recording	8	static
main.c:294:6:set_status_led	16	static
main.c:298:9:is_vote_asserted	4	static
main.c:303:6:loraTesting	112	static
main.c:390:6:loraOrientation	592	static
main.c:503:6:servoToggleTest	8	static
main.c:513:6:infiniteKSP	8	static
main.c:519:6:startupMusic	8	static
main.c:554:6:SDTesting	1552	static
main.c:715:5:main	656	static
main.c:922:6:SystemClock_Config	184	static
main.c:985:13:MX_ADC1_Init	24	static
main.c:1035:13:MX_I2C3_Init	8	static
main.c:1069:13:MX_SPI1_Init	8	static
main.c:1107:13:MX_SPI2_Init	8	static
main.c:1145:13:MX_SPI3_Init	8	static
main.c:1183:13:MX_TIM2_Init	48	static
main.c:1236:13:MX_TIM3_Init	64	static
main.c:1309:13:MX_GPIO_Init	48	static
main.c:1394:6:playtone	40	static
main.c:1426:6:playtoneRTOS	40	static
main.c:1458:6:changeLed	16	static
main.c:1475:6:jingleBell	320	static
main.c:1517:6:rick	592	static
main.c:1613:6:ksp	16	static
main.c:1646:6:StartLedTask	16	static
main.c:1668:6:StartMusicTask	64	static
main.c:1764:6:startStateMachine	48	static
main.c:1940:6:StartTelemTask	520	static
main.c:2058:6:HAL_TIM_PeriodElapsedCallback	16	static
main.c:2075:6:Error_Handler	4	static,ignoring_inline_asm
