main.c:86:6:SetStandbyRC	24	static
main.c:95:6:SetTxContinuousWave	24	static
main.c:105:6:SetRfFrequency	32	static
main.c:119:6:SetRfFrequency2	32	static
main.c:133:6:setPacketLora	24	static
main.c:143:6:SetTxParams	24	static
main.c:154:6:servoToggleTest	8	static
main.c:164:6:infiniteKSP	8	static
main.c:170:6:startupMusic	8	static
main.c:205:6:loraTesting	8	static
main.c:234:6:SDTesting	1632	static
main.c:384:6:BWtest	40	static
main.c:456:5:main	776	static
main.c:609:6:SystemClock_Config	184	static
main.c:672:13:MX_ADC1_Init	24	static
main.c:722:13:MX_I2C3_Init	8	static
main.c:756:13:MX_SPI1_Init	8	static
main.c:794:13:MX_SPI2_Init	8	static
main.c:832:13:MX_SPI3_Init	8	static
main.c:870:13:MX_TIM2_Init	48	static
main.c:923:13:MX_TIM3_Init	64	static
main.c:996:13:MX_GPIO_Init	48	static
main.c:1068:6:playtone	40	static
main.c:1100:6:changeLed	16	static
main.c:1117:6:jingleBell	320	static
main.c:1176:6:rick	592	static
main.c:1272:6:ksp	16	static
main.c:1302:6:Error_Handler	4	static,ignoring_inline_asm
