main.c:210:7:get_battery_voltage	24	static
main.c:217:9:is_armed	8	static
main.c:221:9:is_armed_debounce	16	static
main.c:231:9:is_soft_enabled	8	static
main.c:235:9:is_breakwire_connected	8	static
main.c:239:9:is_breakwire_broken_debounce	16	static
main.c:249:6:buzzer_beep	16	static
main.c:258:6:buzzer_clear_queue	8	static
main.c:262:6:pulse_recording_button	8	static
main.c:268:6:enable_recording	8	static
main.c:275:6:disable_recording	8	static
main.c:282:6:enable_camera	8	static
main.c:287:6:disable_camera	8	static
main.c:297:6:restart_camera_with_recording	8	static
main.c:305:6:set_status_led	16	static
main.c:309:9:is_vote_asserted	4	static
main.c:314:6:loraTesting	112	static
main.c:401:6:loraOrientation	600	static
main.c:514:6:servoToggleTest	8	static
main.c:524:6:infiniteKSP	8	static
main.c:530:6:startupMusic	8	static
main.c:565:6:SDTesting	1568	static
main.c:720:6:HAL_GPIO_EXTI_Callback	16	static
main.c:726:6:HAL_SPI_TxRxCpltCallback	24	static
main.c:746:5:main	544	static
main.c:958:6:SystemClock_Config	184	static
main.c:1021:13:MX_ADC1_Init	24	static
main.c:1071:13:MX_I2C3_Init	8	static
main.c:1105:13:MX_SPI1_Init	8	static
main.c:1143:13:MX_SPI2_Init	8	static
main.c:1181:13:MX_SPI3_Init	8	static
main.c:1219:13:MX_TIM2_Init	48	static
main.c:1272:13:MX_TIM3_Init	64	static
main.c:1345:13:MX_TIM6_Init	16	static
main.c:1381:13:MX_DMA_Init	16	static
main.c:1402:13:MX_GPIO_Init	48	static
main.c:1497:6:playtone	40	static
main.c:1529:6:playtoneRTOS	40	static
main.c:1561:6:changeLed	16	static
main.c:1578:6:jingleBell	320	static
main.c:1620:6:rick	592	static
main.c:1716:6:ksp	16	static
main.c:1749:6:StartLedTask	16	static
main.c:1771:6:StartMusicTask	64	static
main.c:1867:6:startStateMachine	48	static
main.c:2043:6:StartTelemTask	248	static
main.c:2154:6:HAL_TIM_PeriodElapsedCallback	16	static
main.c:2171:6:Error_Handler	4	static,ignoring_inline_asm
