main.c:87:6:SetStandbyRC	24	static
main.c:96:6:SetTxContinuousWave	24	static
main.c:106:6:SetRfFrequency	32	static
main.c:120:6:SetRfFrequency2	32	static
main.c:134:6:setPacketLora	24	static
main.c:144:6:SetTxParams	32	static
main.c:155:6:SetBufferBaseAddresses	32	static
main.c:165:6:SetModulationParams	40	static
main.c:175:6:SetPacketParamsLora	32	static
main.c:182:6:WriteBuffer	24	static
main.c:192:6:ReadBuffer	24	static
main.c:200:6:SetDioIrqParams	40	static
main.c:217:6:ClrIrqStatus	24	static
main.c:228:6:SetTx	24	static
main.c:239:6:SetRx	24	static
main.c:250:6:GetPacketStatus	24	static
main.c:259:6:GetRxBufferStatus	4	static
main.c:263:6:WriteRegisterByte	24	static
main.c:276:6:loraTesting	64	static
main.c:379:6:loraOrientation	504	static
main.c:513:6:servoToggleTest	8	static
main.c:523:6:infiniteKSP	8	static
main.c:529:6:startupMusic	8	static
main.c:566:6:SDTesting	1552	static
main.c:716:6:BWtest	40	static
main.c:788:5:main	528	static
main.c:945:6:SystemClock_Config	184	static
main.c:1008:13:MX_ADC1_Init	24	static
main.c:1058:13:MX_I2C3_Init	8	static
main.c:1092:13:MX_SPI1_Init	8	static
main.c:1130:13:MX_SPI2_Init	8	static
main.c:1168:13:MX_SPI3_Init	8	static
main.c:1206:13:MX_TIM2_Init	48	static
main.c:1259:13:MX_TIM3_Init	64	static
main.c:1332:13:MX_GPIO_Init	48	static
main.c:1404:6:playtone	40	static
main.c:1436:6:changeLed	16	static
main.c:1453:6:jingleBell	320	static
main.c:1512:6:rick	592	static
main.c:1608:6:ksp	16	static
main.c:1638:6:Error_Handler	4	static,ignoring_inline_asm
