main.c:215:7:get_battery_voltage	24	static
main.c:222:9:is_armed	8	static
main.c:226:9:is_armed_debounce	16	static
main.c:236:9:is_soft_enabled	8	static
main.c:240:9:is_breakwire_connected	8	static
main.c:244:9:is_breakwire_broken_debounce	16	static
main.c:254:6:buzzer_beep	16	static
main.c:263:6:buzzer_clear_queue	8	static
main.c:267:6:pulse_recording_button	8	static
main.c:273:6:enable_recording	8	static
main.c:280:6:disable_recording	8	static
main.c:287:6:enable_camera	8	static
main.c:292:6:disable_camera	8	static
main.c:302:6:restart_camera_with_recording	8	static
main.c:310:6:set_status_led	16	static
main.c:314:9:is_vote_asserted	4	static
main.c:319:6:loraTesting	112	static
main.c:406:6:loraOrientation	600	static
main.c:519:6:servoToggleTest	8	static
main.c:529:6:infiniteKSP	8	static
main.c:535:6:startupMusic	8	static
main.c:570:6:SDTesting	1568	static
main.c:725:6:HAL_GPIO_EXTI_Callback	16	static
main.c:731:6:HAL_SPI_TxRxCpltCallback	16	static
main.c:745:5:main	328	static
main.c:907:6:SystemClock_Config	184	static
main.c:970:13:MX_ADC1_Init	24	static
main.c:1020:13:MX_I2C3_Init	8	static
main.c:1054:13:MX_SPI1_Init	8	static
main.c:1092:13:MX_SPI2_Init	8	static
main.c:1130:13:MX_SPI3_Init	8	static
main.c:1168:13:MX_TIM2_Init	48	static
main.c:1221:13:MX_TIM3_Init	64	static
main.c:1294:13:MX_TIM6_Init	16	static
main.c:1330:13:MX_DMA_Init	16	static
main.c:1355:13:MX_GPIO_Init	48	static
main.c:1450:6:playtone	40	static
main.c:1482:6:playtoneRTOS	40	static
main.c:1514:6:changeLed	16	static
main.c:1531:6:jingleBell	320	static
main.c:1573:6:rick	592	static
main.c:1669:6:ksp	16	static
main.c:1702:6:StartLedTask	16	static
main.c:1724:6:StartMusicTask	64	static
main.c:1820:6:startStateMachine	48	static
main.c:2003:6:StartTelemTask	184	static
main.c:2109:6:StartBaroTask	24	static
main.c:2136:6:HAL_TIM_PeriodElapsedCallback	16	static
main.c:2153:6:Error_Handler	4	static,ignoring_inline_asm
