main.c:95:6:SetStandbyRC	24	static
main.c:104:6:SetTxContinuousWave	24	static
main.c:114:6:SetRfFrequency	32	static
main.c:128:6:SetRfFrequency2	32	static
main.c:142:6:setPacketLora	24	static
main.c:152:6:SetTxParams	32	static
main.c:163:6:SetBufferBaseAddresses	32	static
main.c:173:6:SetModulationParams	40	static
main.c:184:6:SetPacketParamsLora	32	static
main.c:192:6:WriteBuffer	24	static
main.c:201:6:ReadBuffer	24	static
main.c:209:6:SetDioIrqParams	40	static
main.c:227:6:ClrIrqStatus	24	static
main.c:238:6:SetTx	24	static
main.c:249:6:SetRx	24	static
main.c:260:6:GetPacketStatus	24	static
main.c:269:6:GetRxBufferStatus	4	static
main.c:273:6:WriteRegisterByte	24	static
main.c:284:6:loraTesting	64	static
main.c:386:6:loraOrientation	504	static
main.c:520:6:servoToggleTest	8	static
main.c:530:6:infiniteKSP	8	static
main.c:536:6:startupMusic	8	static
main.c:571:6:SDTesting	1552	static
main.c:721:6:BWtest	40	static
main.c:793:5:main	616	static
main.c:986:6:SystemClock_Config	184	static
main.c:1044:13:MX_ADC1_Init	24	static
main.c:1091:13:MX_I2C3_Init	8	static
main.c:1123:13:MX_SPI1_Init	8	static
main.c:1159:13:MX_SPI2_Init	8	static
main.c:1195:13:MX_SPI3_Init	8	static
main.c:1231:13:MX_TIM2_Init	48	static
main.c:1282:13:MX_TIM3_Init	64	static
main.c:1351:13:MX_GPIO_Init	48	static
main.c:1422:6:playtone	40	static
main.c:1454:6:playtoneRTOS	40	static
main.c:1486:6:changeLed	16	static
main.c:1503:6:jingleBell	320	static
main.c:1562:6:rick	592	static
main.c:1658:6:ksp	16	static
main.c:1691:6:StartLedTask	16	static
main.c:1712:6:StartMusicTask	16	static
main.c:1731:6:startStateMachine	16	static
main.c:1749:6:HAL_TIM_PeriodElapsedCallback	16	static
main.c:1765:6:Error_Handler	4	static,ignoring_inline_asm
