main.c:232:7:get_battery_voltage	24	static
main.c:239:9:is_armed	8	static
main.c:243:9:is_armed_debounce	16	static
main.c:253:9:is_soft_enabled	8	static
main.c:257:9:is_breakwire_connected	8	static
main.c:261:9:is_breakwire_broken_debounce	16	static
main.c:271:6:buzzer_beep	16	static
main.c:280:6:buzzer_clear_queue	8	static
main.c:284:6:pulse_recording_button	8	static
main.c:290:6:double_pulse_recording	8	static
main.c:301:6:enable_recording	8	static
main.c:308:6:disable_recording	8	static
main.c:315:6:enable_camera	8	static
main.c:321:6:disable_camera	8	static
main.c:331:6:restart_camera_with_recording	8	static
main.c:339:6:set_status_led	16	static
main.c:343:9:is_vote_asserted	4	static
main.c:348:6:rangingTransponder	208	static
main.c:404:6:loraTesting	120	static
main.c:491:6:loraOrientation	608	static
main.c:604:6:loraTelemetry	800	static
main.c:741:6:servoToggleTest	8	static
main.c:751:6:infiniteKSP	8	static
main.c:757:6:startupMusic	8	static
main.c:792:6:SDTesting	1568	static
main.c:947:6:HAL_GPIO_EXTI_Callback	16	static
main.c:953:6:HAL_SPI_TxRxCpltCallback	16	static
main.c:967:5:main	752	static
main.c:1193:6:SystemClock_Config	184	static
main.c:1256:13:MX_ADC1_Init	24	static
main.c:1306:13:MX_I2C3_Init	8	static
main.c:1340:13:MX_SPI1_Init	8	static
main.c:1378:13:MX_SPI2_Init	8	static
main.c:1416:13:MX_SPI3_Init	8	static
main.c:1454:13:MX_TIM2_Init	48	static
main.c:1507:13:MX_TIM3_Init	64	static
main.c:1580:13:MX_TIM6_Init	16	static
main.c:1616:13:MX_DMA_Init	16	static
main.c:1641:13:MX_GPIO_Init	48	static
main.c:1736:6:playtone	40	static
main.c:1768:6:playtoneRTOS	40	static
main.c:1800:6:changeLed	16	static
main.c:1817:6:jingleBell	320	static
main.c:1859:6:rick	592	static
main.c:1955:6:ksp	16	static
main.c:1988:6:StartLedTask	16	static
main.c:2010:6:StartMusicTask	64	static
main.c:2106:6:startStateMachine	56	static
main.c:2318:6:StartTelemTask	216	static
main.c:2523:6:StartBaroTask	40	static
main.c:2556:6:StartBlackboxTask	104	static
main.c:2639:6:HAL_TIM_PeriodElapsedCallback	16	static
main.c:2656:6:Error_Handler	4	static,ignoring_inline_asm
