main.c:93:6:SetStandbyRC	24	static
main.c:102:6:SetTxContinuousWave	24	static
main.c:112:6:SetRfFrequency	32	static
main.c:126:6:SetRfFrequency2	32	static
main.c:140:6:setPacketLora	24	static
main.c:150:6:SetTxParams	32	static
main.c:161:6:SetBufferBaseAddresses	32	static
main.c:171:6:SetModulationParams	40	static
main.c:181:6:SetPacketParamsLora	32	static
main.c:188:6:WriteBuffer	24	static
main.c:198:6:ReadBuffer	24	static
main.c:206:6:SetDioIrqParams	40	static
main.c:223:6:ClrIrqStatus	24	static
main.c:234:6:SetTx	24	static
main.c:245:6:SetRx	24	static
main.c:256:6:GetPacketStatus	24	static
main.c:265:6:GetRxBufferStatus	4	static
main.c:269:6:WriteRegisterByte	24	static
main.c:282:6:loraTesting	64	static
main.c:385:6:loraOrientation	504	static
main.c:519:6:servoToggleTest	8	static
main.c:529:6:infiniteKSP	8	static
main.c:535:6:startupMusic	8	static
main.c:572:6:SDTesting	1552	static
main.c:722:6:BWtest	40	static
main.c:794:5:main	144	static
main.c:847:6:SystemClock_Config	184	static
main.c:910:13:MX_ADC1_Init	24	static
main.c:960:13:MX_I2C3_Init	8	static
main.c:994:13:MX_SPI1_Init	8	static
main.c:1032:13:MX_SPI2_Init	8	static
main.c:1070:13:MX_SPI3_Init	8	static
main.c:1108:13:MX_TIM2_Init	48	static
main.c:1161:13:MX_TIM3_Init	64	static
main.c:1234:13:MX_GPIO_Init	48	static
main.c:1306:6:playtone	40	static
main.c:1338:6:playtoneRTOS	40	static
main.c:1370:6:changeLed	16	static
main.c:1387:6:jingleBell	320	static
main.c:1446:6:rick	592	static
main.c:1542:6:ksp	16	static
main.c:1575:6:StartLedTask	16	static
main.c:1598:6:StartMusicTask	16	static
main.c:1620:6:HAL_TIM_PeriodElapsedCallback	16	static
main.c:1637:6:Error_Handler	4	static,ignoring_inline_asm
