main.c:141:7:get_battery_voltage	24	static
main.c:148:9:is_armed	8	static
main.c:152:9:is_breakwire_connected	8	static
main.c:156:6:buzzer_beep	16	static
main.c:162:6:set_status_led	16	static
main.c:166:9:is_vote_asserted	4	static
main.c:170:6:loraTesting	112	static
main.c:257:6:loraOrientation	592	static
main.c:368:6:servoToggleTest	24	static
main.c:383:6:infiniteKSP	8	static
main.c:389:6:startupMusic	8	static
main.c:424:6:SDTesting	1552	static
main.c:574:6:BWtest	40	static
main.c:646:5:main	640	static
main.c:852:6:SystemClock_Config	184	static
main.c:915:13:MX_ADC1_Init	24	static
main.c:965:13:MX_I2C3_Init	8	static
main.c:999:13:MX_SPI1_Init	8	static
main.c:1037:13:MX_SPI2_Init	8	static
main.c:1075:13:MX_SPI3_Init	8	static
main.c:1113:13:MX_TIM2_Init	48	static
main.c:1166:13:MX_TIM3_Init	64	static
main.c:1239:13:MX_GPIO_Init	48	static
main.c:1317:6:playtone	40	static
main.c:1349:6:playtoneRTOS	40	static
main.c:1381:6:changeLed	16	static
main.c:1398:6:jingleBell	320	static
main.c:1457:6:rick	592	static
main.c:1553:6:ksp	16	static
main.c:1586:6:StartLedTask	16	static
main.c:1608:6:StartMusicTask	16	static
main.c:1628:6:startStateMachine	48	static
main.c:1786:6:StartTelemTask	520	static
main.c:1874:6:HAL_TIM_PeriodElapsedCallback	16	static
main.c:1891:6:Error_Handler	4	static,ignoring_inline_asm
