main.c:137:7:get_battery_voltage	24	static
main.c:144:9:is_armed	8	static
main.c:148:9:is_breakwire_connected	8	static
main.c:152:6:buzzer_beep	16	static
main.c:158:6:set_status_led	16	static
main.c:162:9:is_vote_asserted	4	static
main.c:166:6:loraTesting	112	static
main.c:252:6:loraOrientation	592	static
main.c:365:6:servoToggleTest	8	static
main.c:375:6:infiniteKSP	8	static
main.c:381:6:startupMusic	8	static
main.c:416:6:SDTesting	1552	static
main.c:566:6:BWtest	40	static
main.c:638:5:main	640	static
main.c:839:6:SystemClock_Config	184	static
main.c:897:13:MX_ADC1_Init	24	static
main.c:944:13:MX_I2C3_Init	8	static
main.c:976:13:MX_SPI1_Init	8	static
main.c:1012:13:MX_SPI2_Init	8	static
main.c:1048:13:MX_SPI3_Init	8	static
main.c:1084:13:MX_TIM2_Init	48	static
main.c:1135:13:MX_TIM3_Init	64	static
main.c:1204:13:MX_GPIO_Init	48	static
main.c:1281:6:playtone	40	static
main.c:1313:6:playtoneRTOS	40	static
main.c:1345:6:changeLed	16	static
main.c:1362:6:jingleBell	320	static
main.c:1421:6:rick	592	static
main.c:1517:6:ksp	16	static
main.c:1550:6:StartLedTask	16	static
main.c:1571:6:StartMusicTask	16	static
main.c:1591:6:startStateMachine	48	static
main.c:1747:6:StartTelemTask	520	static
main.c:1836:6:HAL_TIM_PeriodElapsedCallback	16	static
main.c:1852:6:Error_Handler	4	static,ignoring_inline_asm
