main.c:99:6:loraTesting	112	static
main.c:186:6:loraOrientation	592	static
main.c:297:6:servoToggleTest	24	static
main.c:312:6:infiniteKSP	8	static
main.c:318:6:startupMusic	8	static
main.c:353:6:SDTesting	1552	static
main.c:503:6:BWtest	40	static
main.c:575:5:main	640	static
main.c:778:6:SystemClock_Config	184	static
main.c:841:13:MX_ADC1_Init	24	static
main.c:891:13:MX_I2C3_Init	8	static
main.c:925:13:MX_SPI1_Init	8	static
main.c:963:13:MX_SPI2_Init	8	static
main.c:1001:13:MX_SPI3_Init	8	static
main.c:1039:13:MX_TIM2_Init	48	static
main.c:1092:13:MX_TIM3_Init	64	static
main.c:1165:13:MX_GPIO_Init	48	static
main.c:1243:6:playtone	40	static
main.c:1275:6:playtoneRTOS	40	static
main.c:1307:6:changeLed	16	static
main.c:1324:6:jingleBell	320	static
main.c:1383:6:rick	592	static
main.c:1479:6:ksp	16	static
main.c:1512:6:StartLedTask	16	static
main.c:1534:6:StartMusicTask	16	static
main.c:1554:6:startStateMachine	16	static
main.c:1572:6:StartTelemTask	520	static
main.c:1660:6:HAL_TIM_PeriodElapsedCallback	16	static
main.c:1677:6:Error_Handler	4	static,ignoring_inline_asm
