main.c:197:7:get_battery_voltage	24	static
main.c:204:9:is_armed	8	static
main.c:208:9:is_soft_enabled	8	static
main.c:212:9:is_breakwire_connected	8	static
main.c:216:9:is_debug_connected	8	static
main.c:220:6:buzzer_beep	16	static
main.c:229:6:set_status_led	16	static
main.c:233:9:is_vote_asserted	4	static
main.c:237:6:loraTesting	112	static
main.c:324:6:loraOrientation	592	static
main.c:437:6:servoToggleTest	8	static
main.c:447:6:infiniteKSP	8	static
main.c:453:6:startupMusic	8	static
main.c:488:6:SDTesting	1552	static
main.c:638:6:BWtest	40	static
main.c:710:5:main	656	static
main.c:917:6:SystemClock_Config	184	static
main.c:980:13:MX_ADC1_Init	24	static
main.c:1030:13:MX_I2C3_Init	8	static
main.c:1064:13:MX_SPI1_Init	8	static
main.c:1102:13:MX_SPI2_Init	8	static
main.c:1140:13:MX_SPI3_Init	8	static
main.c:1178:13:MX_TIM2_Init	48	static
main.c:1227:13:MX_TIM3_Init	64	static
main.c:1300:13:MX_GPIO_Init	48	static
main.c:1384:6:playtone	40	static
main.c:1416:6:playtoneRTOS	40	static
main.c:1448:6:changeLed	16	static
main.c:1465:6:jingleBell	320	static
main.c:1507:6:rick	592	static
main.c:1603:6:ksp	16	static
main.c:1636:6:StartLedTask	16	static
main.c:1658:6:StartMusicTask	64	static
main.c:1754:6:startStateMachine	48	static
main.c:1925:6:StartTelemTask	520	static
main.c:2039:6:HAL_TIM_PeriodElapsedCallback	16	static
main.c:2056:6:Error_Handler	4	static,ignoring_inline_asm
