main.c:218:7:get_battery_voltage	24	static
main.c:225:9:is_armed	8	static
main.c:229:9:is_armed_debounce	16	static
main.c:239:9:is_soft_enabled	8	static
main.c:243:9:is_breakwire_connected	8	static
main.c:247:9:is_breakwire_broken_debounce	16	static
main.c:257:6:buzzer_beep	16	static
main.c:266:6:buzzer_clear_queue	8	static
main.c:270:6:pulse_recording_button	8	static
main.c:276:6:enable_recording	8	static
main.c:283:6:disable_recording	8	static
main.c:290:6:enable_camera	8	static
main.c:296:6:disable_camera	8	static
main.c:306:6:restart_camera_with_recording	8	static
main.c:314:6:set_status_led	16	static
main.c:318:9:is_vote_asserted	4	static
main.c:323:6:loraTesting	112	static
main.c:410:6:loraOrientation	600	static
main.c:523:6:servoToggleTest	8	static
main.c:533:6:infiniteKSP	8	static
main.c:539:6:startupMusic	8	static
main.c:574:6:SDTesting	1568	static
main.c:729:6:HAL_GPIO_EXTI_Callback	16	static
main.c:735:6:HAL_SPI_TxRxCpltCallback	16	static
main.c:749:5:main	328	static
main.c:911:6:SystemClock_Config	184	static
main.c:974:13:MX_ADC1_Init	24	static
main.c:1024:13:MX_I2C3_Init	8	static
main.c:1058:13:MX_SPI1_Init	8	static
main.c:1096:13:MX_SPI2_Init	8	static
main.c:1134:13:MX_SPI3_Init	8	static
main.c:1172:13:MX_TIM2_Init	48	static
main.c:1225:13:MX_TIM3_Init	64	static
main.c:1298:13:MX_TIM6_Init	16	static
main.c:1334:13:MX_DMA_Init	16	static
main.c:1359:13:MX_GPIO_Init	48	static
main.c:1454:6:playtone	40	static
main.c:1486:6:playtoneRTOS	40	static
main.c:1518:6:changeLed	16	static
main.c:1535:6:jingleBell	320	static
main.c:1577:6:rick	592	static
main.c:1673:6:ksp	16	static
main.c:1706:6:StartLedTask	16	static
main.c:1728:6:StartMusicTask	64	static
main.c:1824:6:startStateMachine	48	static
main.c:2011:6:StartTelemTask	200	static
main.c:2126:6:StartBaroTask	24	static
main.c:2153:6:HAL_TIM_PeriodElapsedCallback	16	static
main.c:2170:6:Error_Handler	4	static,ignoring_inline_asm
