main.c:214:7:get_battery_voltage	24	static
main.c:221:9:is_armed	8	static
main.c:225:9:is_armed_debounce	16	static
main.c:235:9:is_soft_enabled	8	static
main.c:239:9:is_breakwire_connected	8	static
main.c:243:9:is_breakwire_broken_debounce	16	static
main.c:253:6:buzzer_beep	16	static
main.c:262:6:buzzer_clear_queue	8	static
main.c:266:6:pulse_recording_button	8	static
main.c:272:6:enable_recording	8	static
main.c:279:6:disable_recording	8	static
main.c:286:6:enable_camera	8	static
main.c:291:6:disable_camera	8	static
main.c:301:6:restart_camera_with_recording	8	static
main.c:309:6:set_status_led	16	static
main.c:313:9:is_vote_asserted	4	static
main.c:318:6:loraTesting	112	static
main.c:405:6:loraOrientation	600	static
main.c:518:6:servoToggleTest	8	static
main.c:528:6:infiniteKSP	8	static
main.c:534:6:startupMusic	8	static
main.c:569:6:SDTesting	1568	static
main.c:724:6:HAL_GPIO_EXTI_Callback	16	static
main.c:730:6:HAL_SPI_TxRxCpltCallback	16	static
main.c:744:5:main	328	static
main.c:906:6:SystemClock_Config	184	static
main.c:969:13:MX_ADC1_Init	24	static
main.c:1019:13:MX_I2C3_Init	8	static
main.c:1053:13:MX_SPI1_Init	8	static
main.c:1091:13:MX_SPI2_Init	8	static
main.c:1129:13:MX_SPI3_Init	8	static
main.c:1167:13:MX_TIM2_Init	48	static
main.c:1220:13:MX_TIM3_Init	64	static
main.c:1293:13:MX_TIM6_Init	16	static
main.c:1329:13:MX_DMA_Init	16	static
main.c:1350:13:MX_GPIO_Init	48	static
main.c:1445:6:playtone	40	static
main.c:1477:6:playtoneRTOS	40	static
main.c:1509:6:changeLed	16	static
main.c:1526:6:jingleBell	320	static
main.c:1568:6:rick	592	static
main.c:1664:6:ksp	16	static
main.c:1697:6:StartLedTask	16	static
main.c:1719:6:StartMusicTask	64	static
main.c:1815:6:startStateMachine	48	static
main.c:1998:6:StartTelemTask	184	static
main.c:2104:6:StartBaroTask	24	static
main.c:2131:6:HAL_TIM_PeriodElapsedCallback	16	static
main.c:2148:6:Error_Handler	4	static,ignoring_inline_asm
