main.c:199:7:get_battery_voltage	24	static
main.c:206:9:is_armed	8	static
main.c:210:9:is_soft_enabled	8	static
main.c:214:9:is_breakwire_connected	8	static
main.c:218:6:buzzer_beep	16	static
main.c:227:6:pulse_recording_button	8	static
main.c:233:6:enable_recording	8	static
main.c:240:6:disable_recording	8	static
main.c:247:6:enable_camera	8	static
main.c:252:6:disable_camera	8	static
main.c:262:6:restart_camera_with_recording	8	static
main.c:270:6:set_status_led	16	static
main.c:274:9:is_vote_asserted	4	static
main.c:279:6:loraTesting	112	static
main.c:366:6:loraOrientation	592	static
main.c:479:6:servoToggleTest	8	static
main.c:489:6:infiniteKSP	8	static
main.c:495:6:startupMusic	8	static
main.c:530:6:SDTesting	1552	static
main.c:691:5:main	656	static
main.c:898:6:SystemClock_Config	184	static
main.c:961:13:MX_ADC1_Init	24	static
main.c:1011:13:MX_I2C3_Init	8	static
main.c:1045:13:MX_SPI1_Init	8	static
main.c:1083:13:MX_SPI2_Init	8	static
main.c:1121:13:MX_SPI3_Init	8	static
main.c:1159:13:MX_TIM2_Init	48	static
main.c:1212:13:MX_TIM3_Init	64	static
main.c:1285:13:MX_GPIO_Init	48	static
main.c:1370:6:playtone	40	static
main.c:1402:6:playtoneRTOS	40	static
main.c:1434:6:changeLed	16	static
main.c:1451:6:jingleBell	320	static
main.c:1493:6:rick	592	static
main.c:1589:6:ksp	16	static
main.c:1622:6:StartLedTask	16	static
main.c:1644:6:StartMusicTask	64	static
main.c:1740:6:startStateMachine	48	static
main.c:1911:6:StartTelemTask	520	static
main.c:2025:6:HAL_TIM_PeriodElapsedCallback	16	static
main.c:2042:6:Error_Handler	4	static,ignoring_inline_asm
