main.c:74:6:SetStandbyRC	24	static
main.c:83:6:SetTxContinuousWave	24	static
main.c:93:6:SetRfFrequency	32	static
main.c:107:6:SetRfFrequency2	32	static
main.c:121:6:setPacketLora	24	static
main.c:131:6:SetTxParams	32	static
main.c:142:6:SetBufferBaseAddresses	32	static
main.c:152:6:SetModulationParams	40	static
main.c:162:6:SetPacketParamsLora	32	static
main.c:169:6:WriteBuffer	24	static
main.c:179:6:ReadBuffer	24	static
main.c:187:6:SetDioIrqParams	40	static
main.c:204:6:ClrIrqStatus	24	static
main.c:215:6:SetTx	24	static
main.c:226:6:SetRx	24	static
main.c:237:6:GetPacketStatus	24	static
main.c:246:6:GetRxBufferStatus	4	static
main.c:250:6:WriteRegisterByte	24	static
main.c:263:6:loraTesting	200	static
main.c:376:5:main	144	static
main.c:434:6:SystemClock_Config	88	static
main.c:478:13:MX_ADC1_Init	24	static
main.c:528:13:MX_I2C1_Init	8	static
main.c:562:13:MX_SPI3_Init	8	static
main.c:600:13:MX_TIM2_Init	48	static
main.c:653:13:MX_USART2_UART_Init	8	static
main.c:686:13:MX_GPIO_Init	48	static
main.c:754:6:Error_Handler	4	static,ignoring_inline_asm
