sx1280_custom.c:5:6:sxSpiTransmit	24	static
sx1280_custom.c:10:6:sxSpiTransmitReceive	32	static
sx1280_custom.c:17:6:sxInit	32	static
sx1280_custom.c:49:6:sxSetDio1Pin	24	static
sx1280_custom.c:54:6:SetStandbyRC	24	static
sx1280_custom.c:61:6:SetTxContinuousWave	24	static
sx1280_custom.c:67:6:SetRfFrequency	24	static
sx1280_custom.c:77:6:SetRfFrequency2	24	static
sx1280_custom.c:87:6:setPacketLora	24	static
sx1280_custom.c:93:6:SetTxParams	24	static
sx1280_custom.c:100:6:SetBufferBaseAddresses	24	static
sx1280_custom.c:107:6:SetModulationParams	24	static
sx1280_custom.c:115:6:SetPacketParamsLora	24	static
sx1280_custom.c:121:6:WriteBuffer	32	static
sx1280_custom.c:131:6:ReadBuffer	32	static
sx1280_custom.c:139:6:SetDioIrqParams	40	static
sx1280_custom.c:154:6:ClrIrqStatus	24	static
sx1280_custom.c:162:6:SetTx	24	static
sx1280_custom.c:171:6:SetRx	24	static
sx1280_custom.c:180:6:GetPacketStatusLora	24	static
sx1280_custom.c:193:6:GetRxBufferStatus	16	static
sx1280_custom.c:197:6:WriteRegisterByte	24	static
