Archive member included to satisfy reference by file (symbol)

c:/st/stm32cubeide_1.4.0/stm32cubeide/plugins/com.st.stm32cube.ide.mcu.externaltools.gnu-tools-for-stm32.7-2018-q2-update.win32_1.5.0.202011040924/tools/bin/../lib/gcc/arm-none-eabi/7.3.1/../../../../arm-none-eabi/lib/thumb/v7e-m/fpv4-sp/hard\libc_nano.a(lib_a-assert.o)
                              Core/Src/Quaternion.o (__assert_func)
c:/st/stm32cubeide_1.4.0/stm32cubeide/plugins/com.st.stm32cube.ide.mcu.externaltools.gnu-tools-for-stm32.7-2018-q2-update.win32_1.5.0.202011040924/tools/bin/../lib/gcc/arm-none-eabi/7.3.1/../../../../arm-none-eabi/lib/thumb/v7e-m/fpv4-sp/hard\libc_nano.a(lib_a-errno.o)
                              Core/Src/syscalls.o (__errno)
c:/st/stm32cubeide_1.4.0/stm32cubeide/plugins/com.st.stm32cube.ide.mcu.externaltools.gnu-tools-for-stm32.7-2018-q2-update.win32_1.5.0.202011040924/tools/bin/../lib/gcc/arm-none-eabi/7.3.1/../../../../arm-none-eabi/lib/thumb/v7e-m/fpv4-sp/hard\libc_nano.a(lib_a-exit.o)
                              c:/st/stm32cubeide_1.4.0/stm32cubeide/plugins/com.st.stm32cube.ide.mcu.externaltools.gnu-tools-for-stm32.7-2018-q2-update.win32_1.5.0.202011040924/tools/bin/../lib/gcc/arm-none-eabi/7.3.1/../../../../arm-none-eabi/lib/thumb/v7e-m/fpv4-sp/hard/crt0.o (exit)
c:/st/stm32cubeide_1.4.0/stm32cubeide/plugins/com.st.stm32cube.ide.mcu.externaltools.gnu-tools-for-stm32.7-2018-q2-update.win32_1.5.0.202011040924/tools/bin/../lib/gcc/arm-none-eabi/7.3.1/../../../../arm-none-eabi/lib/thumb/v7e-m/fpv4-sp/hard\libc_nano.a(lib_a-fprintf.o)
                              Core/Src/Quaternion.o (fprintf)
c:/st/stm32cubeide_1.4.0/stm32cubeide/plugins/com.st.stm32cube.ide.mcu.externaltools.gnu-tools-for-stm32.7-2018-q2-update.win32_1.5.0.202011040924/tools/bin/../lib/gcc/arm-none-eabi/7.3.1/../../../../arm-none-eabi/lib/thumb/v7e-m/fpv4-sp/hard\libc_nano.a(lib_a-impure.o)
                              c:/st/stm32cubeide_1.4.0/stm32cubeide/plugins/com.st.stm32cube.ide.mcu.externaltools.gnu-tools-for-stm32.7-2018-q2-update.win32_1.5.0.202011040924/tools/bin/../lib/gcc/arm-none-eabi/7.3.1/../../../../arm-none-eabi/lib/thumb/v7e-m/fpv4-sp/hard\libc_nano.a(lib_a-exit.o) (_global_impure_ptr)
c:/st/stm32cubeide_1.4.0/stm32cubeide/plugins/com.st.stm32cube.ide.mcu.externaltools.gnu-tools-for-stm32.7-2018-q2-update.win32_1.5.0.202011040924/tools/bin/../lib/gcc/arm-none-eabi/7.3.1/../../../../arm-none-eabi/lib/thumb/v7e-m/fpv4-sp/hard\libc_nano.a(lib_a-init.o)
                              c:/st/stm32cubeide_1.4.0/stm32cubeide/plugins/com.st.stm32cube.ide.mcu.externaltools.gnu-tools-for-stm32.7-2018-q2-update.win32_1.5.0.202011040924/tools/bin/../lib/gcc/arm-none-eabi/7.3.1/../../../../arm-none-eabi/lib/thumb/v7e-m/fpv4-sp/hard/crt0.o (__libc_init_array)
c:/st/stm32cubeide_1.4.0/stm32cubeide/plugins/com.st.stm32cube.ide.mcu.externaltools.gnu-tools-for-stm32.7-2018-q2-update.win32_1.5.0.202011040924/tools/bin/../lib/gcc/arm-none-eabi/7.3.1/../../../../arm-none-eabi/lib/thumb/v7e-m/fpv4-sp/hard\libc_nano.a(lib_a-malloc.o)
                              Middlewares/ST/STM32_USB_Device_Library/Class/CDC/Src/usbd_cdc.o (malloc)
c:/st/stm32cubeide_1.4.0/stm32cubeide/plugins/com.st.stm32cube.ide.mcu.externaltools.gnu-tools-for-stm32.7-2018-q2-update.win32_1.5.0.202011040924/tools/bin/../lib/gcc/arm-none-eabi/7.3.1/../../../../arm-none-eabi/lib/thumb/v7e-m/fpv4-sp/hard\libc_nano.a(lib_a-memcpy-stub.o)
                              Core/Src/main.o (memcpy)
c:/st/stm32cubeide_1.4.0/stm32cubeide/plugins/com.st.stm32cube.ide.mcu.externaltools.gnu-tools-for-stm32.7-2018-q2-update.win32_1.5.0.202011040924/tools/bin/../lib/gcc/arm-none-eabi/7.3.1/../../../../arm-none-eabi/lib/thumb/v7e-m/fpv4-sp/hard\libc_nano.a(lib_a-memset.o)
                              c:/st/stm32cubeide_1.4.0/stm32cubeide/plugins/com.st.stm32cube.ide.mcu.externaltools.gnu-tools-for-stm32.7-2018-q2-update.win32_1.5.0.202011040924/tools/bin/../lib/gcc/arm-none-eabi/7.3.1/../../../../arm-none-eabi/lib/thumb/v7e-m/fpv4-sp/hard/crt0.o (memset)
c:/st/stm32cubeide_1.4.0/stm32cubeide/plugins/com.st.stm32cube.ide.mcu.externaltools.gnu-tools-for-stm32.7-2018-q2-update.win32_1.5.0.202011040924/tools/bin/../lib/gcc/arm-none-eabi/7.3.1/../../../../arm-none-eabi/lib/thumb/v7e-m/fpv4-sp/hard\libc_nano.a(lib_a-nano-freer.o)
                              c:/st/stm32cubeide_1.4.0/stm32cubeide/plugins/com.st.stm32cube.ide.mcu.externaltools.gnu-tools-for-stm32.7-2018-q2-update.win32_1.5.0.202011040924/tools/bin/../lib/gcc/arm-none-eabi/7.3.1/../../../../arm-none-eabi/lib/thumb/v7e-m/fpv4-sp/hard\libc_nano.a(lib_a-malloc.o) (_free_r)
c:/st/stm32cubeide_1.4.0/stm32cubeide/plugins/com.st.stm32cube.ide.mcu.externaltools.gnu-tools-for-stm32.7-2018-q2-update.win32_1.5.0.202011040924/tools/bin/../lib/gcc/arm-none-eabi/7.3.1/../../../../arm-none-eabi/lib/thumb/v7e-m/fpv4-sp/hard\libc_nano.a(lib_a-nano-mallocr.o)
[...]
Memory Configuration

Name             Origin             Length             Attributes
RAM              0x0000000020000000 0x0000000000020000 xrw
FLASH            0x0000000008000000 0x0000000000080000 xr
*default*        0x0000000000000000 0xffffffffffffffff

Linker script and memory map

LOAD c:/st/stm32cubeide_1.4.0/stm32cubeide/plugins/com.st.stm32cube.ide.mcu.externaltools.gnu-tools-for-stm32.7-2018-q2-update.win32_1.5.0.202011040924/tools/bin/../lib/gcc/arm-none-eabi/7.3.1/thumb/v7e-m/fpv4-sp/hard/crti.o
LOAD c:/st/stm32cubeide_1.4.0/stm32cubeide/plugins/com.st.stm32cube.ide.mcu.externaltools.gnu-tools-for-stm32.7-2018-q2-update.win32_1.5.0.202011040924/tools/bin/../lib/gcc/arm-none-eabi/7.3.1/thumb/v7e-m/fpv4-sp/hard/crtbegin.o
LOAD c:/st/stm32cubeide_1.4.0/stm32cubeide/plugins/com.st.stm32cube.ide.mcu.externaltools.gnu-tools-for-stm32.7-2018-q2-update.win32_1.5.0.202011040924/tools/bin/../lib/gcc/arm-none-eabi/7.3.1/../../../../arm-none-eabi/lib/thumb/v7e-m/fpv4-sp/hard/crt0.o
LOAD Core/Src/Drivers/LSM6DSO32.o
LOAD Core/Src/Drivers/SPL06.o
LOAD Core/Src/Drivers/servo.o
LOAD Core/Src/Drivers/sx1280.o
LOAD Core/Src/Quaternion.o
LOAD Core/Src/main.o
LOAD Core/Src/orientation.o
LOAD Core/Src/stm32f4xx_hal_msp.o
LOAD Core/Src/stm32f4xx_it.o
LOAD Core/Src/syscalls.o
LOAD Core/Src/sysmem.o
LOAD Core/Src/system_stm32f4xx.o
LOAD Core/Startup/startup_stm32f446retx.o
LOAD Drivers/STM32F4xx_HAL_Driver/Src/stm32f4xx_hal.o
LOAD Drivers/STM32F4xx_HAL_Driver/Src/stm32f4xx_hal_adc.o
LOAD Drivers/STM32F4xx_HAL_Driver/Src/stm32f4xx_hal_adc_ex.o
LOAD Drivers/STM32F4xx_HAL_Driver/Src/stm32f4xx_hal_cortex.o
LOAD Drivers/STM32F4xx_HAL_Driver/Src/stm32f4xx_hal_dma.o
LOAD Drivers/STM32F4xx_HAL_Driver/Src/stm32f4xx_hal_dma_ex.o
LOAD Drivers/STM32F4xx_HAL_Driver/Src/stm32f4xx_hal_exti.o
LOAD Drivers/STM32F4xx_HAL_Driver/Src/stm32f4xx_hal_flash.o
LOAD Drivers/STM32F4xx_HAL_Driver/Src/stm32f4xx_hal_flash_ex.o
LOAD Drivers/STM32F4xx_HAL_Driver/Src/stm32f4xx_hal_flash_ramfunc.o
LOAD Drivers/STM32F4xx_HAL_Driver/Src/stm32f4xx_hal_gpio.o
LOAD Drivers/STM32F4xx_HAL_Driver/Src/stm32f4xx_hal_i2c.o
LOAD Drivers/STM32F4xx_HAL_Driver/Src/stm32f4xx_hal_i2c_ex.o
LOAD Drivers/STM32F4xx_HAL_Driver/Src/stm32f4xx_hal_pcd.o
LOAD Drivers/STM32F4xx_HAL_Driver/Src/stm32f4xx_hal_pcd_ex.o
LOAD Drivers/STM32F4xx_HAL_Driver/Src/stm32f4xx_hal_pwr.o
LOAD Drivers/STM32F4xx_HAL_Driver/Src/stm32f4xx_hal_pwr_ex.o
LOAD Drivers/STM32F4xx_HAL_Driver/Src/stm32f4xx_hal_rcc.o
LOAD Drivers/STM32F4xx_HAL_Driver/Src/stm32f4xx_hal_rcc_ex.o
LOAD Drivers/STM32F4xx_HAL_Driver/Src/stm32f4xx_hal_spi.o
LOAD Drivers/STM32F4xx_HAL_Driver/Src/stm32f4xx_hal_tim.o
LOAD Drivers/STM32F4xx_HAL_Driver/Src/stm32f4xx_hal_tim_ex.o
LOAD Drivers/STM32F4xx_HAL_Driver/Src/stm32f4xx_ll_usb.o
LOAD FATFS/App/fatfs.o
LOAD FATFS/Target/user_diskio.o
LOAD FATFS/Target/user_diskio_spi.o
LOAD Middlewares/ST/STM32_USB_Device_Library/Class/CDC/Src/usbd_cdc.o
LOAD Middlewares/ST/STM32_USB_Device_Library/Core/Src/usbd_core.o
LOAD Middlewares/ST/STM32_USB_Device_Library/Core/Src/usbd_ctlreq.o
LOAD Middlewares/ST/STM32_USB_Device_Library/Core/Src/usbd_ioreq.o
LOAD Middlewares/Third_Party/FatFs/src/diskio.o
LOAD Middlewares/Third_Party/FatFs/src/ff.o
LOAD Middlewares/Third_Party/FatFs/src/ff_gen_drv.o
LOAD Middlewares/Third_Party/FatFs/src/option/syscall.o
LOAD USB_DEVICE/App/usb_device.o
LOAD USB_DEVICE/App/usbd_cdc_if.o
LOAD USB_DEVICE/App/usbd_desc.o
LOAD USB_DEVICE/Target/usbd_conf.o
START GROUP
LOAD c:/st/stm32cubeide_1.4.0/stm32cubeide/plugins/com.st.stm32cube.ide.mcu.externaltools.gnu-tools-for-stm32.7-2018-q2-update.win32_1.5.0.202011040924/tools/bin/../lib/gcc/arm-none-eabi/7.3.1/../../../../arm-none-eabi/lib/thumb/v7e-m/fpv4-sp/hard\libc_nano.a
LOAD c:/st/stm32cubeide_1.4.0/stm32cubeide/plugins/com.st.stm32cube.ide.mcu.externaltools.gnu-tools-for-stm32.7-2018-q2-update.win32_1.5.0.202011040924/tools/bin/../lib/gcc/arm-none-eabi/7.3.1/../../../../arm-none-eabi/lib/thumb/v7e-m/fpv4-sp/hard\libm.a
END GROUP
START GROUP
LOAD c:/st/stm32cubeide_1.4.0/stm32cubeide/plugins/com.st.stm32cube.ide.mcu.externaltools.gnu-tools-for-stm32.7-2018-q2-update.win32_1.5.0.202011040924/tools/bin/../lib/gcc/arm-none-eabi/7.3.1/thumb/v7e-m/fpv4-sp/hard\libgcc.a
LOAD c:/st/stm32cubeide_1.4.0/stm32cubeide/plugins/com.st.stm32cube.ide.mcu.externaltools.gnu-tools-for-stm32.7-2018-q2-update.win32_1.5.0.202011040924/tools/bin/../lib/gcc/arm-none-eabi/7.3.1/../../../../arm-none-eabi/lib/thumb/v7e-m/fpv4-sp/hard\libc_nano.a
END GROUP
START GROUP
LOAD c:/st/stm32cubeide_1.4.0/stm32cubeide/plugins/com.st.stm32cube.ide.mcu.externaltools.gnu-tools-for-stm32.7-2018-q2-update.win32_1.5.0.202011040924/tools/bin/../lib/gcc/arm-none-eabi/7.3.1/thumb/v7e-m/fpv4-sp/hard\libgcc.a
LOAD c:/st/stm32cubeide_1.4.0/stm32cubeide/plugins/com.st.stm32cube.ide.mcu.externaltools.gnu-tools-for-stm32.7-2018-q2-update.win32_1.5.0.202011040924/tools/bin/../lib/gcc/arm-none-eabi/7.3.1/../../../../arm-none-eabi/lib/thumb/v7e-m/fpv4-sp/hard\libc_nano.a
LOAD c:/st/stm32cubeide_1.4.0/stm32cubeide/plugins/com.st.stm32cube.ide.mcu.externaltools.gnu-tools-for-stm32.7-2018-q2-update.win32_1.5.0.202011040924/tools/bin/../lib/gcc/arm-none-eabi/7.3.1/../../../../arm-none-eabi/lib/thumb/v7e-m/fpv4-sp/hard\libnosys.a
END GROUP
START GROUP
LOAD c:/st/stm32cubeide_1.4.0/stm32cubeide/plugins/com.st.stm32cube.ide.mcu.externaltools.gnu-tools-for-stm32.7-2018-q2-update.win32_1.5.0.202011040924/tools/bin/../lib/gcc/arm-none-eabi/7.3.1/thumb/v7e-m/fpv4-sp/hard\libgcc.a
LOAD c:/st/stm32cubeide_1.4.0/stm32cubeide/plugins/com.st.stm32cube.ide.mcu.externaltools.gnu-tools-for-stm32.7-2018-q2-update.win32_1.5.0.202011040924/tools/bin/../lib/gcc/arm-none-eabi/7.3.1/../../../../arm-none-eabi/lib/thumb/v7e-m/fpv4-sp/hard\libc_nano.a
LOAD c:/st/stm32cubeide_1.4.0/stm32cubeide/plugins/com.st.stm32cube.ide.mcu.externaltools.gnu-tools-for-stm32.7-2018-q2-update.win32_1.5.0.202011040924/tools/bin/../lib/gcc/arm-none-eabi/7.3.1/../../../../arm-none-eabi/lib/thumb/v7e-m/fpv4-sp/hard\libnosys.a
END GROUP
LOAD c:/st/stm32cubeide_1.4.0/stm32cubeide/plugins/com.st.stm32cube.ide.mcu.externaltools.gnu-tools-for-stm32.7-2018-q2-update.win32_1.5.0.202011040924/tools/bin/../lib/gcc/arm-none-eabi/7.3.1/thumb/v7e-m/fpv4-sp/hard/crtend.o
LOAD c:/st/stm32cubeide_1.4.0/stm32cubeide/plugins/com.st.stm32cube.ide.mcu.externaltools.gnu-tools-for-stm32.7-2018-q2-update.win32_1.5.0.202011040924/tools/bin/../lib/gcc/arm-none-eabi/7.3.1/thumb/v7e-m/fpv4-sp/hard/crtn.o
                0x0000000020020000                _estack = (ORIGIN (RAM) + LENGTH (RAM))
                0x0000000000000200                _Min_Heap_Size = 0x200
                0x0000000000000400                _Min_Stack_Size = 0x400

.isr_vector     0x0000000008000000      0x1c4
                0x0000000008000000                . = ALIGN (0x4)
 *(.isr_vector)
 .isr_vector    0x0000000008000000      0x1c4 Core/Startup/startup_stm32f446retx.o
                0x0000000008000000                g_pfnVectors
                0x00000000080001c4                . = ALIGN (0x4)

.text           0x00000000080001d0    0x11c5c
                0x00000000080001d0                . = ALIGN (0x4)
 *(.text)
 .text          0x00000000080001d0       0x40 c:/st/stm32cubeide_1.4.0/stm32cubeide/plugins/com.st.stm32cube.ide.mcu.externaltools.gnu-tools-for-stm32.7-2018-q2-update.win32_1.5.0.202011040924/tools/bin/../lib/gcc/arm-none-eabi/7.3.1/thumb/v7e-m/fpv4-sp/hard/crtbegin.o
 .text          0x0000000008000210       0x10 c:/st/stm32cubeide_1.4.0/stm32cubeide/plugins/com.st.stm32cube.ide.mcu.externaltools.gnu-tools-for-stm32.7-2018-q2-update.win32_1.5.0.202011040924/tools/bin/../lib/gcc/arm-none-eabi/7.3.1/../../../../arm-none-eabi/lib/thumb/v7e-m/fpv4-sp/hard\libc_nano.a(lib_a-strlen.o)
                0x0000000008000210                strlen
 .text          0x0000000008000220       0xa0 c:/st/stm32cubeide_1.4.0/stm32cubeide/plugins/com.st.stm32cube.ide.mcu.externaltools.gnu-tools-for-stm32.7-2018-q2-update.win32_1.5.0.202011040924/tools/bin/../lib/gcc/arm-none-eabi/7.3.1/../../../../arm-none-eabi/lib/thumb/v7e-m/fpv4-sp/hard\libc_nano.a(lib_a-memchr.o)
                0x0000000008000220                memchr
 .text          0x00000000080002c0      0x378 c:/st/stm32cubeide_1.4.0/stm32cubeide/plugins/com.st.stm32cube.ide.mcu.externaltools.gnu-tools-for-stm32.7-2018-q2-update.win32_1.5.0.202011040924/tools/bin/../lib/gcc/arm-none-eabi/7.3.1/thumb/v7e-m/fpv4-sp/hard\libgcc.a(_arm_addsubdf3.o)
                0x00000000080002c0                __aeabi_drsub
                0x00000000080002c8                __aeabi_dsub
                0x00000000080002c8                __subdf3
                0x00000000080002cc                __aeabi_dadd
                0x00000000080002cc                __adddf3
                0x0000000008000544                __floatunsidf
                0x0000000008000544                __aeabi_ui2d
                0x0000000008000564                __floatsidf
                0x0000000008000564                __aeabi_i2d
                0x0000000008000588                __aeabi_f2d
                0x0000000008000588                __extendsfdf2
                0x00000000080005cc                __floatundidf
                0x00000000080005cc                __aeabi_ul2d
                0x00000000080005dc                __floatdidf
                0x00000000080005dc                __aeabi_l2d
 .text          0x0000000008000638      0x424 c:/st/stm32cubeide_1.4.0/stm32cubeide/plugins/com.st.stm32cube.ide.mcu.externaltools.gnu-tools-for-stm32.7-2018-q2-update.win32_1.5.0.202011040924/tools/bin/../lib/gcc/arm-none-eabi/7.3.1/thumb/v7e-m/fpv4-sp/hard\libgcc.a(_arm_muldivdf3.o)
                0x0000000008000638                __aeabi_dmul
                0x0000000008000638                __muldf3
                0x000000000800088c                __divdf3
                0x000000000800088c                __aeabi_ddiv
 .text          0x0000000008000a5c      0x110 c:/st/stm32cubeide_1.4.0/stm32cubeide/plugins/com.st.stm32cube.ide.mcu.externaltools.gnu-tools-for-stm32.7-2018-q2-update.win32_1.5.0.202011040924/tools/bin/../lib/gcc/arm-none-eabi/7.3.1/thumb/v7e-m/fpv4-sp/hard\libgcc.a(_arm_cmpdf2.o)
                0x0000000008000a5c                __gtdf2
                0x0000000008000a5c                __gedf2
                0x0000000008000a64                __ltdf2
                0x0000000008000a64                __ledf2
                0x0000000008000a6c                __nedf2
                0x0000000008000a6c                __eqdf2
                0x0000000008000a6c                __cmpdf2
                0x0000000008000ae8                __aeabi_cdrcmple
                0x0000000008000af8                __aeabi_cdcmpeq
                0x0000000008000af8                __aeabi_cdcmple
                0x0000000008000b08                __aeabi_dcmpeq
                0x0000000008000b1c                __aeabi_dcmplt
                0x0000000008000b30                __aeabi_dcmple
                0x0000000008000b44                __aeabi_dcmpge
                0x0000000008000b58                __aeabi_dcmpgt
 .text          0x0000000008000b6c       0x2c c:/st/stm32cubeide_1.4.0/stm32cubeide/plugins/com.st.stm32cube.ide.mcu.externaltools.gnu-tools-for-stm32.7-2018-q2-update.win32_1.5.0.202011040924/tools/bin/../lib/gcc/arm-none-eabi/7.3.1/thumb/v7e-m/fpv4-sp/hard\libgcc.a(_arm_unorddf2.o)
                0x0000000008000b6c                __unorddf2
                0x0000000008000b6c                __aeabi_dcmpun
 .text          0x0000000008000b98       0x50 c:/st/stm32cubeide_1.4.0/stm32cubeide/plugins/com.st.stm32cube.ide.mcu.externaltools.gnu-tools-for-stm32.7-2018-q2-update.win32_1.5.0.202011040924/tools/bin/../lib/gcc/arm-none-eabi/7.3.1/thumb/v7e-m/fpv4-sp/hard\libgcc.a(_arm_fixdfsi.o)
                0x0000000008000b98                __aeabi_d2iz
                0x0000000008000b98                __fixdfsi
 .text          0x0000000008000be8       0x40 c:/st/stm32cubeide_1.4.0/stm32cubeide/plugins/com.st.stm32cube.ide.mcu.externaltools.gnu-tools-for-stm32.7-2018-q2-update.win32_1.5.0.202011040924/tools/bin/../lib/gcc/arm-none-eabi/7.3.1/thumb/v7e-m/fpv4-sp/hard\libgcc.a(_arm_fixunsdfsi.o)
                0x0000000008000be8                __aeabi_d2uiz
                0x0000000008000be8                __fixunsdfsi
 .text          0x0000000008000c28       0x30 c:/st/stm32cubeide_1.4.0/stm32cubeide/plugins/com.st.stm32cube.ide.mcu.externaltools.gnu-tools-for-stm32.7-2018-q2-update.win32_1.5.0.202011040924/tools/bin/../lib/gcc/arm-none-eabi/7.3.1/thumb/v7e-m/fpv4-sp/hard\libgcc.a(_aeabi_uldivmod.o)
                0x0000000008000c28                __aeabi_uldivmod
 .text          0x0000000008000c58      0x2cc c:/st/stm32cubeide_1.4.0/stm32cubeide/plugins/com.st.stm32cube.ide.mcu.externaltools.gnu-tools-for-stm32.7-2018-q2-update.win32_1.5.0.202011040924/tools/bin/../lib/gcc/arm-none-eabi/7.3.1/thumb/v7e-m/fpv4-sp/hard\libgcc.a(_udivmoddi4.o)
                0x0000000008000c58                __udivmoddi4
 .text          0x0000000008000f24        0x4 c:/st/stm32cubeide_1.4.0/stm32cubeide/plugins/com.st.stm32cube.ide.mcu.externaltools.gnu-tools-for-stm32.7-2018-q2-update.win32_1.5.0.202011040924/tools/bin/../lib/gcc/arm-none-eabi/7.3.1/thumb/v7e-m/fpv4-sp/hard\libgcc.a(_dvmd_tls.o)
                0x0000000008000f24                __aeabi_idiv0
                0x0000000008000f24                __aeabi_ldiv0
 *(.text*)
 .text.LSM_ReadRegister
                0x0000000008000f28       0x8a Core/Src/Drivers/LSM6DSO32.o
                0x0000000008000f28                LSM_ReadRegister
 .text.LSM_WriteRegister
                0x0000000008000fb2       0x74 Core/Src/Drivers/LSM6DSO32.o
                0x0000000008000fb2                LSM_WriteRegister
 *fill*         0x0000000008001026        0x2 
 .text.LSM_init
                0x0000000008001028      0x120 Core/Src/Drivers/LSM6DSO32.o
                0x0000000008001028                LSM_init
 .text.LSM_pollsensors
                0x0000000008001148      0x100 Core/Src/Drivers/LSM6DSO32.o
                0x0000000008001148                LSM_pollsensors
 .text.LSM_Convert
                0x0000000008001248      0x214 Core/Src/Drivers/LSM6DSO32.o
                0x0000000008001248                LSM_Convert
 .text.SPL06_Init
                0x000000000800145c      0x30a Core/Src/Drivers/SPL06.o
                0x000000000800145c                SPL06_Init
 *fill*         0x0000000008001766        0x2 
 .text.Quaternion_set
                0x0000000008001768       0x68 Core/Src/Quaternion.o
                0x0000000008001768                Quaternion_set
 .text.Quaternion_setIdentity
                0x00000000080017d0       0x54 Core/Src/Quaternion.o
                0x00000000080017d0                Quaternion_setIdentity
 .text.Quaternion_copy
                0x0000000008001824       0x50 Core/Src/Quaternion.o
                0x0000000008001824                Quaternion_copy
 *fill*         0x0000000008001874        0x4 
 .text.Quaternion_toEulerZYX
                0x0000000008001878      0x288 Core/Src/Quaternion.o
                0x0000000008001878                Quaternion_toEulerZYX
 .text.Quaternion_conjugate
                0x0000000008001b00       0x78 Core/Src/Quaternion.o
                0x0000000008001b00                Quaternion_conjugate
 .text.Quaternion_multiply
                0x0000000008001b78      0x2c8 Core/Src/Quaternion.o
                0x0000000008001b78                Quaternion_multiply
 .text.Quaternion_rotate
                0x0000000008001e40      0x5b8 Core/Src/Quaternion.o
                0x0000000008001e40                Quaternion_rotate
 .text.Quaternion_fromRate
                0x00000000080023f8      0x194 Core/Src/Quaternion.o
                0x00000000080023f8                Quaternion_fromRate
 .text.startupMusic
                0x000000000800258c       0x44 Core/Src/main.o
                0x000000000800258c                startupMusic
 .text.main     0x00000000080025d0      0x23c Core/Src/main.o
                0x00000000080025d0                main
 .text.SystemClock_Config
                0x000000000800280c      0x138 Core/Src/main.o
                0x000000000800280c                SystemClock_Config
 .text.MX_ADC1_Init
                0x0000000008002944       0xa8 Core/Src/main.o
 .text.MX_I2C3_Init
                0x00000000080029ec       0x5c Core/Src/main.o
 .text.MX_SPI1_Init
                0x0000000008002a48       0x6c Core/Src/main.o
 .text.MX_SPI2_Init
                0x0000000008002ab4       0x6c Core/Src/main.o
 .text.MX_SPI3_Init
                0x0000000008002b20       0x6c Core/Src/main.o
 .text.MX_TIM2_Init
                0x0000000008002b8c       0xc8 Core/Src/main.o
 .text.MX_TIM3_Init
                0x0000000008002c54      0x134 Core/Src/main.o
 .text.MX_GPIO_Init
                0x0000000008002d88      0x1a4 Core/Src/main.o
 *fill*         0x0000000008002f2c        0x4 
 .text.playtone
                0x0000000008002f30       0xf8 Core/Src/main.o
                0x0000000008002f30                playtone
 .text.changeLed
                0x0000000008003028       0x3c Core/Src/main.o
                0x0000000008003028                changeLed
 .text.Error_Handler
                0x0000000008003064        0x8 Core/Src/main.o
                0x0000000008003064                Error_Handler
 .text.cross_product
                0x000000000800306c      0x116 Core/Src/orientation.o
                0x000000000800306c                cross_product
 .text.vector_sum
                0x0000000008003182       0x7e Core/Src/orientation.o
                0x0000000008003182                vector_sum
 .text.vector_lenSquared
                0x0000000008003200       0x92 Core/Src/orientation.o
                0x0000000008003200                vector_lenSquared
 *fill*         0x0000000008003292        0x2 
 .text.orientation_init
                0x0000000008003294       0x84 Core/Src/orientation.o
                0x0000000008003294                orientation_init
 .text.orientation_setGyro
                0x0000000008003318       0x38 Core/Src/orientation.o
                0x0000000008003318                orientation_setGyro
 .text.orientation_setAcc
                0x0000000008003350       0x38 Core/Src/orientation.o
                0x0000000008003350                orientation_setAcc
 .text.orientation_update
                0x0000000008003388      0x160 Core/Src/orientation.o
                0x0000000008003388                orientation_update
 .text.HAL_MspInit
                0x00000000080034e8       0x50 Core/Src/stm32f4xx_hal_msp.o
                0x00000000080034e8                HAL_MspInit
 .text.HAL_ADC_MspInit
                0x0000000008003538       0x88 Core/Src/stm32f4xx_hal_msp.o
                0x0000000008003538                HAL_ADC_MspInit
 .text.HAL_I2C_MspInit
                0x00000000080035c0       0xd4 Core/Src/stm32f4xx_hal_msp.o
                0x00000000080035c0                HAL_I2C_MspInit
 .text.HAL_SPI_MspInit
                0x0000000008003694      0x1a8 Core/Src/stm32f4xx_hal_msp.o
                0x0000000008003694                HAL_SPI_MspInit
 .text.HAL_TIM_PWM_MspInit
                0x000000000800383c       0x40 Core/Src/stm32f4xx_hal_msp.o
                0x000000000800383c                HAL_TIM_PWM_MspInit
 .text.HAL_TIM_Base_MspInit
                0x000000000800387c       0x44 Core/Src/stm32f4xx_hal_msp.o
                0x000000000800387c                HAL_TIM_Base_MspInit
 .text.HAL_TIM_MspPostInit
                0x00000000080038c0      0x100 Core/Src/stm32f4xx_hal_msp.o
                0x00000000080038c0                HAL_TIM_MspPostInit
 .text.NMI_Handler
                0x00000000080039c0        0x6 Core/Src/stm32f4xx_it.o
                0x00000000080039c0                NMI_Handler
 .text.HardFault_Handler
                0x00000000080039c6        0x6 Core/Src/stm32f4xx_it.o
                0x00000000080039c6                HardFault_Handler
 .text.MemManage_Handler
                0x00000000080039cc        0x6 Core/Src/stm32f4xx_it.o
                0x00000000080039cc                MemManage_Handler
 .text.BusFault_Handler
                0x00000000080039d2        0x6 Core/Src/stm32f4xx_it.o
                0x00000000080039d2                BusFault_Handler
 .text.UsageFault_Handler
                0x00000000080039d8        0x6 Core/Src/stm32f4xx_it.o
                0x00000000080039d8                UsageFault_Handler
 .text.SVC_Handler
                0x00000000080039de        0xe Core/Src/stm32f4xx_it.o
                0x00000000080039de                SVC_Handler
 .text.DebugMon_Handler
                0x00000000080039ec        0xe Core/Src/stm32f4xx_it.o
                0x00000000080039ec                DebugMon_Handler
 .text.PendSV_Handler
                0x00000000080039fa        0xe Core/Src/stm32f4xx_it.o
                0x00000000080039fa                PendSV_Handler
 .text.SysTick_Handler
                0x0000000008003a08        0xc Core/Src/stm32f4xx_it.o
                0x0000000008003a08                SysTick_Handler
 .text.OTG_FS_IRQHandler
                0x0000000008003a14       0x14 Core/Src/stm32f4xx_it.o
                0x0000000008003a14                OTG_FS_IRQHandler
 .text._getpid  0x0000000008003a28       0x10 Core/Src/syscalls.o
                0x0000000008003a28                _getpid
 .text._kill    0x0000000008003a38       0x20 Core/Src/syscalls.o
                0x0000000008003a38                _kill
 .text._exit    0x0000000008003a58       0x14 Core/Src/syscalls.o
                0x0000000008003a58                _exit
 .text._read    0x0000000008003a6c       0x3a Core/Src/syscalls.o
                0x0000000008003a6c                _read
 .text._write   0x0000000008003aa6       0x38 Core/Src/syscalls.o
                0x0000000008003aa6                _write
 .text._close   0x0000000008003ade       0x18 Core/Src/syscalls.o
                0x0000000008003ade                _close
 .text._fstat   0x0000000008003af6       0x20 Core/Src/syscalls.o
                0x0000000008003af6                _fstat
 .text._isatty  0x0000000008003b16       0x16 Core/Src/syscalls.o
                0x0000000008003b16                _isatty
 .text._lseek   0x0000000008003b2c       0x1a Core/Src/syscalls.o
                0x0000000008003b2c                _lseek
 *fill*         0x0000000008003b46        0x2 
 .text._sbrk    0x0000000008003b48       0x6c Core/Src/sysmem.o
                0x0000000008003b48                _sbrk
 .text.SystemInit
                0x0000000008003bb4       0x2c Core/Src/system_stm32f4xx.o
                0x0000000008003bb4                SystemInit
 .text.Reset_Handler
                0x0000000008003be0       0x50 Core/Startup/startup_stm32f446retx.o
                0x0000000008003be0                Reset_Handler
 .text.Default_Handler
                0x0000000008003c30        0x2 Core/Startup/startup_stm32f446retx.o
                0x0000000008003c30                RTC_Alarm_IRQHandler
                0x0000000008003c30                EXTI2_IRQHandler
                0x0000000008003c30                TIM8_CC_IRQHandler
                0x0000000008003c30                FMPI2C1_EV_IRQHandler
                0x0000000008003c30                SPI4_IRQHandler
                0x0000000008003c30                TIM1_CC_IRQHandler
                0x0000000008003c30                DMA2_Stream5_IRQHandler
                0x0000000008003c30                DMA1_Stream5_IRQHandler
                0x0000000008003c30                PVD_IRQHandler
                0x0000000008003c30                SDIO_IRQHandler
                0x0000000008003c30                TAMP_STAMP_IRQHandler
                0x0000000008003c30                CAN2_RX1_IRQHandler
                0x0000000008003c30                EXTI3_IRQHandler
                0x0000000008003c30                TIM8_TRG_COM_TIM14_IRQHandler
                0x0000000008003c30                TIM1_UP_TIM10_IRQHandler
                0x0000000008003c30                TIM8_UP_TIM13_IRQHandler
                0x0000000008003c30                I2C3_ER_IRQHandler
                0x0000000008003c30                EXTI0_IRQHandler
                0x0000000008003c30                I2C2_EV_IRQHandler
                0x0000000008003c30                DMA1_Stream2_IRQHandler
                0x0000000008003c30                CAN1_RX0_IRQHandler
                0x0000000008003c30                FPU_IRQHandler
                0x0000000008003c30                OTG_HS_WKUP_IRQHandler
                0x0000000008003c30                CAN2_SCE_IRQHandler
                0x0000000008003c30                DMA2_Stream2_IRQHandler
                0x0000000008003c30                SPI1_IRQHandler
                0x0000000008003c30                TIM6_DAC_IRQHandler
                0x0000000008003c30                TIM1_BRK_TIM9_IRQHandler
                0x0000000008003c30                DCMI_IRQHandler
                0x0000000008003c30                CAN2_RX0_IRQHandler
                0x0000000008003c30                DMA2_Stream3_IRQHandler
                0x0000000008003c30                SAI2_IRQHandler
                0x0000000008003c30                USART6_IRQHandler
                0x0000000008003c30                USART3_IRQHandler
                0x0000000008003c30                CAN1_RX1_IRQHandler
                0x0000000008003c30                UART5_IRQHandler
                0x0000000008003c30                DMA2_Stream0_IRQHandler
                0x0000000008003c30                TIM4_IRQHandler
                0x0000000008003c30                QUADSPI_IRQHandler
                0x0000000008003c30                I2C1_EV_IRQHandler
                0x0000000008003c30                DMA1_Stream6_IRQHandler
                0x0000000008003c30                DMA1_Stream1_IRQHandler
                0x0000000008003c30                UART4_IRQHandler
                0x0000000008003c30                TIM3_IRQHandler
                0x0000000008003c30                RCC_IRQHandler
                0x0000000008003c30                TIM8_BRK_TIM12_IRQHandler
                0x0000000008003c30                Default_Handler
                0x0000000008003c30                CEC_IRQHandler
                0x0000000008003c30                EXTI15_10_IRQHandler
                0x0000000008003c30                ADC_IRQHandler
                0x0000000008003c30                DMA1_Stream7_IRQHandler
                0x0000000008003c30                TIM7_IRQHandler
                0x0000000008003c30                CAN2_TX_IRQHandler
                0x0000000008003c30                TIM5_IRQHandler
                0x0000000008003c30                DMA2_Stream7_IRQHandler
                0x0000000008003c30                I2C3_EV_IRQHandler
                0x0000000008003c30                EXTI9_5_IRQHandler
                0x0000000008003c30                RTC_WKUP_IRQHandler
                0x0000000008003c30                SPDIF_RX_IRQHandler
                0x0000000008003c30                SPI2_IRQHandler
                0x0000000008003c30                OTG_HS_EP1_IN_IRQHandler
                0x0000000008003c30                DMA1_Stream0_IRQHandler
                0x0000000008003c30                CAN1_TX_IRQHandler
                0x0000000008003c30                FMPI2C1_ER_IRQHandler
                0x0000000008003c30                EXTI4_IRQHandler
                0x0000000008003c30                OTG_HS_EP1_OUT_IRQHandler
                0x0000000008003c30                WWDG_IRQHandler
                0x0000000008003c30                TIM2_IRQHandler
                0x0000000008003c30                OTG_FS_WKUP_IRQHandler
                0x0000000008003c30                TIM1_TRG_COM_TIM11_IRQHandler
                0x0000000008003c30                OTG_HS_IRQHandler
                0x0000000008003c30                EXTI1_IRQHandler
                0x0000000008003c30                USART2_IRQHandler
                0x0000000008003c30                I2C2_ER_IRQHandler
                0x0000000008003c30                DMA2_Stream1_IRQHandler
                0x0000000008003c30                CAN1_SCE_IRQHandler
                0x0000000008003c30                FLASH_IRQHandler
                0x0000000008003c30                DMA2_Stream4_IRQHandler
                0x0000000008003c30                USART1_IRQHandler
                0x0000000008003c30                SPI3_IRQHandler
                0x0000000008003c30                DMA1_Stream4_IRQHandler
                0x0000000008003c30                I2C1_ER_IRQHandler
                0x0000000008003c30                FMC_IRQHandler
                0x0000000008003c30                DMA2_Stream6_IRQHandler
                0x0000000008003c30                SAI1_IRQHandler
                0x0000000008003c30                DMA1_Stream3_IRQHandler
 *fill*         0x0000000008003c32        0x2 
 .text.HAL_Init
                0x0000000008003c34       0x44 Drivers/STM32F4xx_HAL_Driver/Src/stm32f4xx_hal.o
                0x0000000008003c34                HAL_Init
 .text.HAL_InitTick
                0x0000000008003c78       0x60 Drivers/STM32F4xx_HAL_Driver/Src/stm32f4xx_hal.o
                0x0000000008003c78                HAL_InitTick
 .text.HAL_IncTick
                0x0000000008003cd8       0x28 Drivers/STM32F4xx_HAL_Driver/Src/stm32f4xx_hal.o
                0x0000000008003cd8                HAL_IncTick
 .text.HAL_GetTick
                0x0000000008003d00       0x18 Drivers/STM32F4xx_HAL_Driver/Src/stm32f4xx_hal.o
                0x0000000008003d00                HAL_GetTick
 .text.HAL_Delay
                0x0000000008003d18       0x44 Drivers/STM32F4xx_HAL_Driver/Src/stm32f4xx_hal.o
                0x0000000008003d18                HAL_Delay
 .text.HAL_ADC_Init
                0x0000000008003d5c       0x86 Drivers/STM32F4xx_HAL_Driver/Src/stm32f4xx_hal_adc.o
                0x0000000008003d5c                HAL_ADC_Init
 *fill*         0x0000000008003de2        0x2 
 .text.HAL_ADC_Start
                0x0000000008003de4      0x18c Drivers/STM32F4xx_HAL_Driver/Src/stm32f4xx_hal_adc.o
                0x0000000008003de4                HAL_ADC_Start
 .text.HAL_ADC_PollForConversion
                0x0000000008003f70      0x108 Drivers/STM32F4xx_HAL_Driver/Src/stm32f4xx_hal_adc.o
                0x0000000008003f70                HAL_ADC_PollForConversion
 .text.HAL_ADC_GetValue
                0x0000000008004078       0x1a Drivers/STM32F4xx_HAL_Driver/Src/stm32f4xx_hal_adc.o
                0x0000000008004078                HAL_ADC_GetValue
 *fill*         0x0000000008004092        0x2 
 .text.HAL_ADC_ConfigChannel
                0x0000000008004094      0x264 Drivers/STM32F4xx_HAL_Driver/Src/stm32f4xx_hal_adc.o
                0x0000000008004094                HAL_ADC_ConfigChannel
 .text.ADC_Init
                0x00000000080042f8      0x1f8 Drivers/STM32F4xx_HAL_Driver/Src/stm32f4xx_hal_adc.o
 .text.__NVIC_SetPriorityGrouping
                0x00000000080044f0       0x48 Drivers/STM32F4xx_HAL_Driver/Src/stm32f4xx_hal_cortex.o
 .text.__NVIC_GetPriorityGrouping
                0x0000000008004538       0x1c Drivers/STM32F4xx_HAL_Driver/Src/stm32f4xx_hal_cortex.o
 .text.__NVIC_EnableIRQ
                0x0000000008004554       0x3c Drivers/STM32F4xx_HAL_Driver/Src/stm32f4xx_hal_cortex.o
 .text.__NVIC_SetPriority
                0x0000000008004590       0x54 Drivers/STM32F4xx_HAL_Driver/Src/stm32f4xx_hal_cortex.o
 .text.NVIC_EncodePriority
                0x00000000080045e4       0x66 Drivers/STM32F4xx_HAL_Driver/Src/stm32f4xx_hal_cortex.o
 *fill*         0x000000000800464a        0x2 
 .text.SysTick_Config
                0x000000000800464c       0x44 Drivers/STM32F4xx_HAL_Driver/Src/stm32f4xx_hal_cortex.o
 .text.HAL_NVIC_SetPriorityGrouping
                0x0000000008004690       0x16 Drivers/STM32F4xx_HAL_Driver/Src/stm32f4xx_hal_cortex.o
                0x0000000008004690                HAL_NVIC_SetPriorityGrouping
 .text.HAL_NVIC_SetPriority
                0x00000000080046a6       0x38 Drivers/STM32F4xx_HAL_Driver/Src/stm32f4xx_hal_cortex.o
                0x00000000080046a6                HAL_NVIC_SetPriority
 .text.HAL_NVIC_EnableIRQ
                0x00000000080046de       0x1c Drivers/STM32F4xx_HAL_Driver/Src/stm32f4xx_hal_cortex.o
                0x00000000080046de                HAL_NVIC_EnableIRQ
 .text.HAL_SYSTICK_Config
                0x00000000080046fa       0x18 Drivers/STM32F4xx_HAL_Driver/Src/stm32f4xx_hal_cortex.o
                0x00000000080046fa                HAL_SYSTICK_Config
 *fill*         0x0000000008004712        0x2 
 .text.HAL_GPIO_Init
                0x0000000008004714      0x324 Drivers/STM32F4xx_HAL_Driver/Src/stm32f4xx_hal_gpio.o
                0x0000000008004714                HAL_GPIO_Init
 .text.HAL_GPIO_WritePin
                0x0000000008004a38       0x32 Drivers/STM32F4xx_HAL_Driver/Src/stm32f4xx_hal_gpio.o
                0x0000000008004a38                HAL_GPIO_WritePin
 *fill*         0x0000000008004a6a        0x2 
 .text.HAL_I2C_Init
                0x0000000008004a6c      0x270 Drivers/STM32F4xx_HAL_Driver/Src/stm32f4xx_hal_i2c.o
                0x0000000008004a6c                HAL_I2C_Init
 .text.HAL_I2C_Mem_Write
                0x0000000008004cdc      0x1f4 Drivers/STM32F4xx_HAL_Driver/Src/stm32f4xx_hal_i2c.o
                0x0000000008004cdc                HAL_I2C_Mem_Write
 .text.HAL_I2C_Mem_Read
                0x0000000008004ed0      0x44c Drivers/STM32F4xx_HAL_Driver/Src/stm32f4xx_hal_i2c.o
                0x0000000008004ed0                HAL_I2C_Mem_Read
 .text.I2C_RequestMemoryWrite
                0x000000000800531c      0x12c Drivers/STM32F4xx_HAL_Driver/Src/stm32f4xx_hal_i2c.o
 .text.I2C_RequestMemoryRead
                0x0000000008005448      0x1d0 Drivers/STM32F4xx_HAL_Driver/Src/stm32f4xx_hal_i2c.o
 .text.I2C_WaitOnFlagUntilTimeout
                0x0000000008005618       0xae Drivers/STM32F4xx_HAL_Driver/Src/stm32f4xx_hal_i2c.o
 .text.I2C_WaitOnMasterAddressFlagUntilTimeout
                0x00000000080056c6       0xfe Drivers/STM32F4xx_HAL_Driver/Src/stm32f4xx_hal_i2c.o
 .text.I2C_WaitOnTXEFlagUntilTimeout
                0x00000000080057c4       0x82 Drivers/STM32F4xx_HAL_Driver/Src/stm32f4xx_hal_i2c.o
 .text.I2C_WaitOnBTFFlagUntilTimeout
                0x0000000008005846       0x82 Drivers/STM32F4xx_HAL_Driver/Src/stm32f4xx_hal_i2c.o
 .text.I2C_WaitOnRXNEFlagUntilTimeout
                0x00000000080058c8       0xac Drivers/STM32F4xx_HAL_Driver/Src/stm32f4xx_hal_i2c.o
 .text.I2C_IsAcknowledgeFailed
                0x0000000008005974       0x5e Drivers/STM32F4xx_HAL_Driver/Src/stm32f4xx_hal_i2c.o
 .text.HAL_PCD_Init
                0x00000000080059d2      0x248 Drivers/STM32F4xx_HAL_Driver/Src/stm32f4xx_hal_pcd.o
                0x00000000080059d2                HAL_PCD_Init
 .text.HAL_PCD_Start
                0x0000000008005c1a       0x66 Drivers/STM32F4xx_HAL_Driver/Src/stm32f4xx_hal_pcd.o
                0x0000000008005c1a                HAL_PCD_Start
 .text.HAL_PCD_IRQHandler
                0x0000000008005c80      0x7be Drivers/STM32F4xx_HAL_Driver/Src/stm32f4xx_hal_pcd.o
                0x0000000008005c80                HAL_PCD_IRQHandler
 .text.HAL_PCD_SetAddress
                0x000000000800643e       0x4a Drivers/STM32F4xx_HAL_Driver/Src/stm32f4xx_hal_pcd.o
                0x000000000800643e                HAL_PCD_SetAddress
 .text.HAL_PCD_EP_Open
                0x0000000008006488       0xd0 Drivers/STM32F4xx_HAL_Driver/Src/stm32f4xx_hal_pcd.o
                0x0000000008006488                HAL_PCD_EP_Open
 .text.HAL_PCD_EP_Close
                0x0000000008006558       0x94 Drivers/STM32F4xx_HAL_Driver/Src/stm32f4xx_hal_pcd.o
                0x0000000008006558                HAL_PCD_EP_Close
 .text.HAL_PCD_EP_Receive
                0x00000000080065ec       0x96 Drivers/STM32F4xx_HAL_Driver/Src/stm32f4xx_hal_pcd.o
                0x00000000080065ec                HAL_PCD_EP_Receive
 .text.HAL_PCD_EP_GetRxCount
                0x0000000008006682       0x30 Drivers/STM32F4xx_HAL_Driver/Src/stm32f4xx_hal_pcd.o
                0x0000000008006682                HAL_PCD_EP_GetRxCount
 .text.HAL_PCD_EP_Transmit
                0x00000000080066b2       0x94 Drivers/STM32F4xx_HAL_Driver/Src/stm32f4xx_hal_pcd.o
                0x00000000080066b2                HAL_PCD_EP_Transmit
 .text.HAL_PCD_EP_SetStall
                0x0000000008006746       0xc8 Drivers/STM32F4xx_HAL_Driver/Src/stm32f4xx_hal_pcd.o
                0x0000000008006746                HAL_PCD_EP_SetStall
 .text.HAL_PCD_EP_ClrStall
                0x000000000800680e       0xac Drivers/STM32F4xx_HAL_Driver/Src/stm32f4xx_hal_pcd.o
                0x000000000800680e                HAL_PCD_EP_ClrStall
 .text.PCD_WriteEmptyTxFifo
                0x00000000080068ba      0x11a Drivers/STM32F4xx_HAL_Driver/Src/stm32f4xx_hal_pcd.o
 .text.PCD_EP_OutXfrComplete_int
                0x00000000080069d4      0x218 Drivers/STM32F4xx_HAL_Driver/Src/stm32f4xx_hal_pcd.o
 .text.PCD_EP_OutSetupPacket_int
                0x0000000008006bec       0x8c Drivers/STM32F4xx_HAL_Driver/Src/stm32f4xx_hal_pcd.o
 .text.HAL_PCDEx_SetTxFiFo
                0x0000000008006c78       0x8e Drivers/STM32F4xx_HAL_Driver/Src/stm32f4xx_hal_pcd_ex.o
                0x0000000008006c78                HAL_PCDEx_SetTxFiFo
 .text.HAL_PCDEx_SetRxFiFo
                0x0000000008006d06       0x22 Drivers/STM32F4xx_HAL_Driver/Src/stm32f4xx_hal_pcd_ex.o
                0x0000000008006d06                HAL_PCDEx_SetRxFiFo
 .text.HAL_PCDEx_ActivateLPM
                0x0000000008006d28       0x48 Drivers/STM32F4xx_HAL_Driver/Src/stm32f4xx_hal_pcd_ex.o
                0x0000000008006d28                HAL_PCDEx_ActivateLPM
 .text.HAL_PWREx_EnableOverDrive
                0x0000000008006d70       0xa0 Drivers/STM32F4xx_HAL_Driver/Src/stm32f4xx_hal_pwr_ex.o
                0x0000000008006d70                HAL_PWREx_EnableOverDrive
 .text.HAL_RCC_ClockConfig
                0x0000000008006e10      0x1cc Drivers/STM32F4xx_HAL_Driver/Src/stm32f4xx_hal_rcc.o
                0x0000000008006e10                HAL_RCC_ClockConfig
 .text.HAL_RCC_GetHCLKFreq
                0x0000000008006fdc       0x18 Drivers/STM32F4xx_HAL_Driver/Src/stm32f4xx_hal_rcc.o
                0x0000000008006fdc                HAL_RCC_GetHCLKFreq
 .text.HAL_RCC_GetPCLK1Freq
                0x0000000008006ff4       0x28 Drivers/STM32F4xx_HAL_Driver/Src/stm32f4xx_hal_rcc.o
                0x0000000008006ff4                HAL_RCC_GetPCLK1Freq
 .text.HAL_RCCEx_PeriphCLKConfig
                0x000000000800701c      0x654 Drivers/STM32F4xx_HAL_Driver/Src/stm32f4xx_hal_rcc_ex.o
                0x000000000800701c                HAL_RCCEx_PeriphCLKConfig
 .text.HAL_RCC_GetSysClockFreq
                0x0000000008007670      0x340 Drivers/STM32F4xx_HAL_Driver/Src/stm32f4xx_hal_rcc_ex.o
                0x0000000008007670                HAL_RCC_GetSysClockFreq
 .text.HAL_RCC_OscConfig
                0x00000000080079b0      0x4b4 Drivers/STM32F4xx_HAL_Driver/Src/stm32f4xx_hal_rcc_ex.o
                0x00000000080079b0                HAL_RCC_OscConfig
 .text.HAL_SPI_Init
                0x0000000008007e64       0xc8 Drivers/STM32F4xx_HAL_Driver/Src/stm32f4xx_hal_spi.o
                0x0000000008007e64                HAL_SPI_Init
 .text.HAL_SPI_Transmit
                0x0000000008007f2c      0x268 Drivers/STM32F4xx_HAL_Driver/Src/stm32f4xx_hal_spi.o
                0x0000000008007f2c                HAL_SPI_Transmit
 .text.HAL_SPI_TransmitReceive
                0x0000000008008194      0x344 Drivers/STM32F4xx_HAL_Driver/Src/stm32f4xx_hal_spi.o
                0x0000000008008194                HAL_SPI_TransmitReceive
 .text.HAL_SPI_GetState
                0x00000000080084d8       0x1c Drivers/STM32F4xx_HAL_Driver/Src/stm32f4xx_hal_spi.o
                0x00000000080084d8                HAL_SPI_GetState
 .text.SPI_WaitFlagStateUntilTimeout
                0x00000000080084f4       0xd4 Drivers/STM32F4xx_HAL_Driver/Src/stm32f4xx_hal_spi.o
 .text.SPI_EndRxTxTransaction
                0x00000000080085c8       0x84 Drivers/STM32F4xx_HAL_Driver/Src/stm32f4xx_hal_spi.o
 .text.HAL_TIM_Base_Init
                0x000000000800864c       0x56 Drivers/STM32F4xx_HAL_Driver/Src/stm32f4xx_hal_tim.o
                0x000000000800864c                HAL_TIM_Base_Init
 .text.HAL_TIM_PWM_Init
                0x00000000080086a2       0x56 Drivers/STM32F4xx_HAL_Driver/Src/stm32f4xx_hal_tim.o
                0x00000000080086a2                HAL_TIM_PWM_Init
 .text.HAL_TIM_PWM_Start
                0x00000000080086f8       0x7c Drivers/STM32F4xx_HAL_Driver/Src/stm32f4xx_hal_tim.o
                0x00000000080086f8                HAL_TIM_PWM_Start
 .text.HAL_TIM_PWM_ConfigChannel
                0x0000000008008774      0x18c Drivers/STM32F4xx_HAL_Driver/Src/stm32f4xx_hal_tim.o
                0x0000000008008774                HAL_TIM_PWM_ConfigChannel
 .text.HAL_TIM_ConfigClockSource
                0x0000000008008900      0x16e Drivers/STM32F4xx_HAL_Driver/Src/stm32f4xx_hal_tim.o
                0x0000000008008900                HAL_TIM_ConfigClockSource
 *fill*         0x0000000008008a6e        0x2 
 .text.TIM_Base_SetConfig
                0x0000000008008a70      0x140 Drivers/STM32F4xx_HAL_Driver/Src/stm32f4xx_hal_tim.o
                0x0000000008008a70                TIM_Base_SetConfig
 .text.TIM_OC1_SetConfig
                0x0000000008008bb0       0xe0 Drivers/STM32F4xx_HAL_Driver/Src/stm32f4xx_hal_tim.o
 .text.TIM_OC2_SetConfig
                0x0000000008008c90       0xec Drivers/STM32F4xx_HAL_Driver/Src/stm32f4xx_hal_tim.o
                0x0000000008008c90                TIM_OC2_SetConfig
 .text.TIM_OC3_SetConfig
                0x0000000008008d7c       0xe8 Drivers/STM32F4xx_HAL_Driver/Src/stm32f4xx_hal_tim.o
 .text.TIM_OC4_SetConfig
                0x0000000008008e64       0xac Drivers/STM32F4xx_HAL_Driver/Src/stm32f4xx_hal_tim.o
 .text.TIM_TI1_ConfigInputStage
                0x0000000008008f10       0x5e Drivers/STM32F4xx_HAL_Driver/Src/stm32f4xx_hal_tim.o
 .text.TIM_TI2_ConfigInputStage
                0x0000000008008f6e       0x60 Drivers/STM32F4xx_HAL_Driver/Src/stm32f4xx_hal_tim.o
 .text.TIM_ITRx_SetConfig
                0x0000000008008fce       0x36 Drivers/STM32F4xx_HAL_Driver/Src/stm32f4xx_hal_tim.o
 .text.TIM_ETR_SetConfig
                0x0000000008009004       0x40 Drivers/STM32F4xx_HAL_Driver/Src/stm32f4xx_hal_tim.o
                0x0000000008009004                TIM_ETR_SetConfig
 .text.TIM_CCxChannelCmd
                0x0000000008009044       0x4a Drivers/STM32F4xx_HAL_Driver/Src/stm32f4xx_hal_tim.o
                0x0000000008009044                TIM_CCxChannelCmd
 *fill*         0x000000000800908e        0x2 
 .text.HAL_TIMEx_MasterConfigSynchronization
                0x0000000008009090       0xf8 Drivers/STM32F4xx_HAL_Driver/Src/stm32f4xx_hal_tim_ex.o
                0x0000000008009090                HAL_TIMEx_MasterConfigSynchronization
 .text.USB_CoreInit
                0x0000000008009188       0xc2 Drivers/STM32F4xx_HAL_Driver/Src/stm32f4xx_ll_usb.o
                0x0000000008009188                USB_CoreInit
 *fill*         0x000000000800924a        0x2 
 .text.USB_SetTurnaroundTime
                0x000000000800924c      0x144 Drivers/STM32F4xx_HAL_Driver/Src/stm32f4xx_ll_usb.o
                0x000000000800924c                USB_SetTurnaroundTime
 .text.USB_EnableGlobalInt
                0x0000000008009390       0x22 Drivers/STM32F4xx_HAL_Driver/Src/stm32f4xx_ll_usb.o
                0x0000000008009390                USB_EnableGlobalInt
 .text.USB_DisableGlobalInt
                0x00000000080093b2       0x22 Drivers/STM32F4xx_HAL_Driver/Src/stm32f4xx_ll_usb.o
                0x00000000080093b2                USB_DisableGlobalInt
 .text.USB_SetCurrentMode
                0x00000000080093d4       0x54 Drivers/STM32F4xx_HAL_Driver/Src/stm32f4xx_ll_usb.o
                0x00000000080093d4                USB_SetCurrentMode
 .text.USB_DevInit
                0x0000000008009428      0x2bc Drivers/STM32F4xx_HAL_Driver/Src/stm32f4xx_ll_usb.o
                0x0000000008009428                USB_DevInit
 .text.USB_FlushTxFifo
                0x00000000080096e4       0x4c Drivers/STM32F4xx_HAL_Driver/Src/stm32f4xx_ll_usb.o
                0x00000000080096e4                USB_FlushTxFifo
 .text.USB_FlushRxFifo
                0x0000000008009730       0x44 Drivers/STM32F4xx_HAL_Driver/Src/stm32f4xx_ll_usb.o
                0x0000000008009730                USB_FlushRxFifo
 .text.USB_SetDevSpeed
                0x0000000008009774       0x32 Drivers/STM32F4xx_HAL_Driver/Src/stm32f4xx_ll_usb.o
                0x0000000008009774                USB_SetDevSpeed
 .text.USB_GetDevSpeed
                0x00000000080097a6       0x4a Drivers/STM32F4xx_HAL_Driver/Src/stm32f4xx_ll_usb.o
                0x00000000080097a6                USB_GetDevSpeed
 .text.USB_ActivateEndpoint
                0x00000000080097f0      0x10e Drivers/STM32F4xx_HAL_Driver/Src/stm32f4xx_ll_usb.o
                0x00000000080097f0                USB_ActivateEndpoint
 *fill*         0x00000000080098fe        0x2 
 .text.USB_DeactivateEndpoint
                0x0000000008009900      0x1b8 Drivers/STM32F4xx_HAL_Driver/Src/stm32f4xx_ll_usb.o
                0x0000000008009900                USB_DeactivateEndpoint
 .text.USB_EPStartXfer
                0x0000000008009ab8      0x488 Drivers/STM32F4xx_HAL_Driver/Src/stm32f4xx_ll_usb.o
                0x0000000008009ab8                USB_EPStartXfer
 .text.USB_EP0StartXfer
                0x0000000008009f40      0x2a6 Drivers/STM32F4xx_HAL_Driver/Src/stm32f4xx_ll_usb.o
                0x0000000008009f40                USB_EP0StartXfer
 .text.USB_WritePacket
                0x000000000800a1e6       0x6a Drivers/STM32F4xx_HAL_Driver/Src/stm32f4xx_ll_usb.o
                0x000000000800a1e6                USB_WritePacket
 .text.USB_ReadPacket
                0x000000000800a250       0x52 Drivers/STM32F4xx_HAL_Driver/Src/stm32f4xx_ll_usb.o
                0x000000000800a250                USB_ReadPacket
 .text.USB_EPSetStall
                0x000000000800a2a2       0xdc Drivers/STM32F4xx_HAL_Driver/Src/stm32f4xx_ll_usb.o
                0x000000000800a2a2                USB_EPSetStall
 .text.USB_EPClearStall
                0x000000000800a37e       0xcc Drivers/STM32F4xx_HAL_Driver/Src/stm32f4xx_ll_usb.o
                0x000000000800a37e                USB_EPClearStall
 .text.USB_SetDevAddress
                0x000000000800a44a       0x4c Drivers/STM32F4xx_HAL_Driver/Src/stm32f4xx_ll_usb.o
                0x000000000800a44a                USB_SetDevAddress
 .text.USB_DevConnect
                0x000000000800a496       0x42 Drivers/STM32F4xx_HAL_Driver/Src/stm32f4xx_ll_usb.o
                0x000000000800a496                USB_DevConnect
 .text.USB_DevDisconnect
                0x000000000800a4d8       0x42 Drivers/STM32F4xx_HAL_Driver/Src/stm32f4xx_ll_usb.o
                0x000000000800a4d8                USB_DevDisconnect
 .text.USB_ReadInterrupts
                0x000000000800a51a       0x26 Drivers/STM32F4xx_HAL_Driver/Src/stm32f4xx_ll_usb.o
                0x000000000800a51a                USB_ReadInterrupts
 .text.USB_ReadDevAllOutEpInterrupt
                0x000000000800a540       0x34 Drivers/STM32F4xx_HAL_Driver/Src/stm32f4xx_ll_usb.o
                0x000000000800a540                USB_ReadDevAllOutEpInterrupt
 .text.USB_ReadDevAllInEpInterrupt
                0x000000000800a574       0x34 Drivers/STM32F4xx_HAL_Driver/Src/stm32f4xx_ll_usb.o
                0x000000000800a574                USB_ReadDevAllInEpInterrupt
 .text.USB_ReadDevOutEPInterrupt
                0x000000000800a5a8       0x3c Drivers/STM32F4xx_HAL_Driver/Src/stm32f4xx_ll_usb.o
                0x000000000800a5a8                USB_ReadDevOutEPInterrupt
 .text.USB_ReadDevInEPInterrupt
                0x000000000800a5e4       0x5c Drivers/STM32F4xx_HAL_Driver/Src/stm32f4xx_ll_usb.o
                0x000000000800a5e4                USB_ReadDevInEPInterrupt
 .text.USB_GetMode
                0x000000000800a640       0x1c Drivers/STM32F4xx_HAL_Driver/Src/stm32f4xx_ll_usb.o
                0x000000000800a640                USB_GetMode
 .text.USB_ActivateSetup
                0x000000000800a65c       0x46 Drivers/STM32F4xx_HAL_Driver/Src/stm32f4xx_ll_usb.o
                0x000000000800a65c                USB_ActivateSetup
 *fill*         0x000000000800a6a2        0x2 
 .text.USB_EP0_OutStart
                0x000000000800a6a4       0xbc Drivers/STM32F4xx_HAL_Driver/Src/stm32f4xx_ll_usb.o
                0x000000000800a6a4                USB_EP0_OutStart
 .text.USB_CoreReset
                0x000000000800a760       0x68 Drivers/STM32F4xx_HAL_Driver/Src/stm32f4xx_ll_usb.o
 .text.MX_FATFS_Init
                0x000000000800a7c8       0x24 FATFS/App/fatfs.o
                0x000000000800a7c8                MX_FATFS_Init
 .text.USER_initialize
                0x000000000800a7ec       0x1c FATFS/Target/user_diskio.o
                0x000000000800a7ec                USER_initialize
 .text.USER_status
                0x000000000800a808       0x1c FATFS/Target/user_diskio.o
                0x000000000800a808                USER_status
 .text.USER_read
                0x000000000800a824       0x26 FATFS/Target/user_diskio.o
                0x000000000800a824                USER_read
 .text.USER_write
                0x000000000800a84a       0x26 FATFS/Target/user_diskio.o
                0x000000000800a84a                USER_write
 .text.USER_ioctl
                0x000000000800a870       0x26 FATFS/Target/user_diskio.o
                0x000000000800a870                USER_ioctl
 *fill*         0x000000000800a896        0x2 
 .text.SPI_Timer_On
                0x000000000800a898       0x28 FATFS/Target/user_diskio_spi.o
                0x000000000800a898                SPI_Timer_On
 .text.SPI_Timer_Status
                0x000000000800a8c0       0x2c FATFS/Target/user_diskio_spi.o
                0x000000000800a8c0                SPI_Timer_Status
 .text.xchg_spi
                0x000000000800a8ec       0x2c FATFS/Target/user_diskio_spi.o
 .text.rcvr_spi_multi
                0x000000000800a918       0x36 FATFS/Target/user_diskio_spi.o
 .text.xmit_spi_multi
                0x000000000800a94e       0x34 FATFS/Target/user_diskio_spi.o
 .text.wait_ready
                0x000000000800a982       0x46 FATFS/Target/user_diskio_spi.o
 .text.despiselect
                0x000000000800a9c8       0x1c FATFS/Target/user_diskio_spi.o
 .text.spiselect
                0x000000000800a9e4       0x34 FATFS/Target/user_diskio_spi.o
 .text.rcvr_datablock
                0x000000000800aa18       0x52 FATFS/Target/user_diskio_spi.o
 .text.xmit_datablock
                0x000000000800aa6a       0x64 FATFS/Target/user_diskio_spi.o
 .text.send_cmd
                0x000000000800aace       0xde FATFS/Target/user_diskio_spi.o
 .text.USER_SPI_initialize
                0x000000000800abac      0x1d4 FATFS/Target/user_diskio_spi.o
                0x000000000800abac                USER_SPI_initialize
 .text.USER_SPI_status
                0x000000000800ad80       0x2c FATFS/Target/user_diskio_spi.o
                0x000000000800ad80                USER_SPI_status
 .text.USER_SPI_read
                0x000000000800adac       0xcc FATFS/Target/user_diskio_spi.o
                0x000000000800adac                USER_SPI_read
 .text.USER_SPI_write
                0x000000000800ae78       0xf8 FATFS/Target/user_diskio_spi.o
                0x000000000800ae78                USER_SPI_write
 .text.USER_SPI_ioctl
                0x000000000800af70      0x2e0 FATFS/Target/user_diskio_spi.o
                0x000000000800af70                USER_SPI_ioctl
 .text.USBD_CDC_Init
                0x000000000800b250      0x100 Middlewares/ST/STM32_USB_Device_Library/Class/CDC/Src/usbd_cdc.o
 .text.USBD_CDC_DeInit
                0x000000000800b350       0x78 Middlewares/ST/STM32_USB_Device_Library/Class/CDC/Src/usbd_cdc.o
 .text.USBD_CDC_Setup
                0x000000000800b3c8      0x178 Middlewares/ST/STM32_USB_Device_Library/Class/CDC/Src/usbd_cdc.o
 .text.USBD_CDC_DataIn
                0x000000000800b540       0xbe Middlewares/ST/STM32_USB_Device_Library/Class/CDC/Src/usbd_cdc.o
 .text.USBD_CDC_DataOut
                0x000000000800b5fe       0x56 Middlewares/ST/STM32_USB_Device_Library/Class/CDC/Src/usbd_cdc.o
 .text.USBD_CDC_EP0_RxReady
                0x000000000800b654       0x50 Middlewares/ST/STM32_USB_Device_Library/Class/CDC/Src/usbd_cdc.o
 .text.USBD_CDC_GetFSCfgDesc
                0x000000000800b6a4       0x20 Middlewares/ST/STM32_USB_Device_Library/Class/CDC/Src/usbd_cdc.o
 .text.USBD_CDC_GetHSCfgDesc
                0x000000000800b6c4       0x20 Middlewares/ST/STM32_USB_Device_Library/Class/CDC/Src/usbd_cdc.o
 .text.USBD_CDC_GetOtherSpeedCfgDesc
                0x000000000800b6e4       0x20 Middlewares/ST/STM32_USB_Device_Library/Class/CDC/Src/usbd_cdc.o
 .text.USBD_CDC_GetDeviceQualifierDescriptor
                0x000000000800b704       0x20 Middlewares/ST/STM32_USB_Device_Library/Class/CDC/Src/usbd_cdc.o
                0x000000000800b704                USBD_CDC_GetDeviceQualifierDescriptor
 .text.USBD_CDC_RegisterInterface
                0x000000000800b724       0x2a Middlewares/ST/STM32_USB_Device_Library/Class/CDC/Src/usbd_cdc.o
                0x000000000800b724                USBD_CDC_RegisterInterface
 .text.USBD_CDC_SetTxBuffer
                0x000000000800b74e       0x32 Middlewares/ST/STM32_USB_Device_Library/Class/CDC/Src/usbd_cdc.o
                0x000000000800b74e                USBD_CDC_SetTxBuffer
 .text.USBD_CDC_SetRxBuffer
                0x000000000800b780       0x28 Middlewares/ST/STM32_USB_Device_Library/Class/CDC/Src/usbd_cdc.o
                0x000000000800b780                USBD_CDC_SetRxBuffer
 .text.USBD_CDC_TransmitPacket
                0x000000000800b7a8       0x60 Middlewares/ST/STM32_USB_Device_Library/Class/CDC/Src/usbd_cdc.o
                0x000000000800b7a8                USBD_CDC_TransmitPacket
 .text.USBD_CDC_ReceivePacket
                0x000000000800b808       0x54 Middlewares/ST/STM32_USB_Device_Library/Class/CDC/Src/usbd_cdc.o
                0x000000000800b808                USBD_CDC_ReceivePacket
 .text.USBD_Init
                0x000000000800b85c       0x6c Middlewares/ST/STM32_USB_Device_Library/Core/Src/usbd_core.o
                0x000000000800b85c                USBD_Init
 .text.USBD_RegisterClass
                0x000000000800b8c8       0x42 Middlewares/ST/STM32_USB_Device_Library/Core/Src/usbd_core.o
                0x000000000800b8c8                USBD_RegisterClass
 .text.USBD_Start
                0x000000000800b90a       0x18 Middlewares/ST/STM32_USB_Device_Library/Core/Src/usbd_core.o
                0x000000000800b90a                USBD_Start
 .text.USBD_RunTestMode
                0x000000000800b922       0x16 Middlewares/ST/STM32_USB_Device_Library/Core/Src/usbd_core.o
                0x000000000800b922                USBD_RunTestMode
 .text.USBD_SetClassConfig
                0x000000000800b938       0x38 Middlewares/ST/STM32_USB_Device_Library/Core/Src/usbd_core.o
                0x000000000800b938                USBD_SetClassConfig
 .text.USBD_ClrClassConfig
                0x000000000800b970       0x30 Middlewares/ST/STM32_USB_Device_Library/Core/Src/usbd_core.o
                0x000000000800b970                USBD_ClrClassConfig
 .text.USBD_LL_SetupStage
                0x000000000800b9a0       0xa6 Middlewares/ST/STM32_USB_Device_Library/Core/Src/usbd_core.o
                0x000000000800b9a0                USBD_LL_SetupStage
 .text.USBD_LL_DataOutStage
                0x000000000800ba46       0xc6 Middlewares/ST/STM32_USB_Device_Library/Core/Src/usbd_core.o
                0x000000000800ba46                USBD_LL_DataOutStage
 .text.USBD_LL_DataInStage
                0x000000000800bb0c      0x12c Middlewares/ST/STM32_USB_Device_Library/Core/Src/usbd_core.o
                0x000000000800bb0c                USBD_LL_DataInStage
 .text.USBD_LL_Reset
                0x000000000800bc38       0x82 Middlewares/ST/STM32_USB_Device_Library/Core/Src/usbd_core.o
                0x000000000800bc38                USBD_LL_Reset
 .text.USBD_LL_SetSpeed
                0x000000000800bcba       0x20 Middlewares/ST/STM32_USB_Device_Library/Core/Src/usbd_core.o
                0x000000000800bcba                USBD_LL_SetSpeed
 .text.USBD_LL_Suspend
                0x000000000800bcda       0x2a Middlewares/ST/STM32_USB_Device_Library/Core/Src/usbd_core.o
                0x000000000800bcda                USBD_LL_Suspend
 .text.USBD_LL_Resume
                0x000000000800bd04       0x2c Middlewares/ST/STM32_USB_Device_Library/Core/Src/usbd_core.o
                0x000000000800bd04                USBD_LL_Resume
 .text.USBD_LL_SOF
                0x000000000800bd30       0x34 Middlewares/ST/STM32_USB_Device_Library/Core/Src/usbd_core.o
                0x000000000800bd30                USBD_LL_SOF
 .text.USBD_LL_IsoINIncomplete
                0x000000000800bd64       0x1a Middlewares/ST/STM32_USB_Device_Library/Core/Src/usbd_core.o
                0x000000000800bd64                USBD_LL_IsoINIncomplete
 .text.USBD_LL_IsoOUTIncomplete
                0x000000000800bd7e       0x1a Middlewares/ST/STM32_USB_Device_Library/Core/Src/usbd_core.o
                0x000000000800bd7e                USBD_LL_IsoOUTIncomplete
 .text.USBD_LL_DevConnected
                0x000000000800bd98       0x16 Middlewares/ST/STM32_USB_Device_Library/Core/Src/usbd_core.o
                0x000000000800bd98                USBD_LL_DevConnected
 .text.USBD_LL_DevDisconnected
                0x000000000800bdae       0x38 Middlewares/ST/STM32_USB_Device_Library/Core/Src/usbd_core.o
                0x000000000800bdae                USBD_LL_DevDisconnected
 .text.SWAPBYTE
                0x000000000800bde6       0x3c Middlewares/ST/STM32_USB_Device_Library/Core/Src/usbd_ctlreq.o
 *fill*         0x000000000800be22        0x2 
 .text.USBD_StdDevReq
                0x000000000800be24       0xdc Middlewares/ST/STM32_USB_Device_Library/Core/Src/usbd_ctlreq.o
                0x000000000800be24                USBD_StdDevReq
 .text.USBD_StdItfReq
                0x000000000800bf00       0x8c Middlewares/ST/STM32_USB_Device_Library/Core/Src/usbd_ctlreq.o
                0x000000000800bf00                USBD_StdItfReq
 .text.USBD_StdEPReq
                0x000000000800bf8c      0x2aa Middlewares/ST/STM32_USB_Device_Library/Core/Src/usbd_ctlreq.o
                0x000000000800bf8c                USBD_StdEPReq
 *fill*         0x000000000800c236        0x2 
 .text.USBD_GetDescriptor
                0x000000000800c238      0x328 Middlewares/ST/STM32_USB_Device_Library/Core/Src/usbd_ctlreq.o
 .text.USBD_SetAddress
                0x000000000800c560       0x84 Middlewares/ST/STM32_USB_Device_Library/Core/Src/usbd_ctlreq.o
 .text.USBD_SetConfig
                0x000000000800c5e4      0x148 Middlewares/ST/STM32_USB_Device_Library/Core/Src/usbd_ctlreq.o
 .text.USBD_GetConfig
                0x000000000800c72c       0x68 Middlewares/ST/STM32_USB_Device_Library/Core/Src/usbd_ctlreq.o
 .text.USBD_GetStatus
                0x000000000800c794       0x66 Middlewares/ST/STM32_USB_Device_Library/Core/Src/usbd_ctlreq.o
 .text.USBD_SetFeature
                0x000000000800c7fa       0x28 Middlewares/ST/STM32_USB_Device_Library/Core/Src/usbd_ctlreq.o
 .text.USBD_ClrFeature
                0x000000000800c822       0x42 Middlewares/ST/STM32_USB_Device_Library/Core/Src/usbd_ctlreq.o
 .text.USBD_ParseSetupRequest
                0x000000000800c864       0x74 Middlewares/ST/STM32_USB_Device_Library/Core/Src/usbd_ctlreq.o
                0x000000000800c864                USBD_ParseSetupRequest
 .text.USBD_CtlError
                0x000000000800c8d8       0x22 Middlewares/ST/STM32_USB_Device_Library/Core/Src/usbd_ctlreq.o
                0x000000000800c8d8                USBD_CtlError
 .text.USBD_GetString
                0x000000000800c8fa       0x8c Middlewares/ST/STM32_USB_Device_Library/Core/Src/usbd_ctlreq.o
                0x000000000800c8fa                USBD_GetString
 .text.USBD_GetLen
                0x000000000800c986       0x34 Middlewares/ST/STM32_USB_Device_Library/Core/Src/usbd_ctlreq.o
 .text.USBD_CtlSendData
                0x000000000800c9ba       0x36 Middlewares/ST/STM32_USB_Device_Library/Core/Src/usbd_ioreq.o
                0x000000000800c9ba                USBD_CtlSendData
 .text.USBD_CtlContinueSendData
                0x000000000800c9f0       0x22 Middlewares/ST/STM32_USB_Device_Library/Core/Src/usbd_ioreq.o
                0x000000000800c9f0                USBD_CtlContinueSendData
 .text.USBD_CtlPrepareRx
                0x000000000800ca12       0x3a Middlewares/ST/STM32_USB_Device_Library/Core/Src/usbd_ioreq.o
                0x000000000800ca12                USBD_CtlPrepareRx
 .text.USBD_CtlContinueRx
                0x000000000800ca4c       0x22 Middlewares/ST/STM32_USB_Device_Library/Core/Src/usbd_ioreq.o
                0x000000000800ca4c                USBD_CtlContinueRx
 .text.USBD_CtlSendStatus
                0x000000000800ca6e       0x26 Middlewares/ST/STM32_USB_Device_Library/Core/Src/usbd_ioreq.o
                0x000000000800ca6e                USBD_CtlSendStatus
 .text.USBD_CtlReceiveStatus
                0x000000000800ca94       0x26 Middlewares/ST/STM32_USB_Device_Library/Core/Src/usbd_ioreq.o
                0x000000000800ca94                USBD_CtlReceiveStatus
 *fill*         0x000000000800caba        0x2 
 .text.FATFS_LinkDriverEx
                0x000000000800cabc       0x98 Middlewares/Third_Party/FatFs/src/ff_gen_drv.o
                0x000000000800cabc                FATFS_LinkDriverEx
 .text.FATFS_LinkDriver
                0x000000000800cb54       0x1e Middlewares/Third_Party/FatFs/src/ff_gen_drv.o
                0x000000000800cb54                FATFS_LinkDriver
 *fill*         0x000000000800cb72        0x2 
 .text.MX_USB_DEVICE_Init
                0x000000000800cb74       0x60 USB_DEVICE/App/usb_device.o
                0x000000000800cb74                MX_USB_DEVICE_Init
 .text.CDC_Init_FS
                0x000000000800cbd4       0x28 USB_DEVICE/App/usbd_cdc_if.o
 .text.CDC_DeInit_FS
                0x000000000800cbfc       0x10 USB_DEVICE/App/usbd_cdc_if.o
 .text.CDC_Control_FS
                0x000000000800cc0c       0xe4 USB_DEVICE/App/usbd_cdc_if.o
 .text.CDC_Receive_FS
                0x000000000800ccf0       0x28 USB_DEVICE/App/usbd_cdc_if.o
 .text.CDC_Transmit_FS
                0x000000000800cd18       0x4c USB_DEVICE/App/usbd_cdc_if.o
                0x000000000800cd18                CDC_Transmit_FS
 .text.CDC_TransmitCplt_FS
                0x000000000800cd64       0x22 USB_DEVICE/App/usbd_cdc_if.o
 *fill*         0x000000000800cd86        0x2 
 .text.USBD_FS_DeviceDescriptor
                0x000000000800cd88       0x24 USB_DEVICE/App/usbd_desc.o
                0x000000000800cd88                USBD_FS_DeviceDescriptor
 .text.USBD_FS_LangIDStrDescriptor
                0x000000000800cdac       0x24 USB_DEVICE/App/usbd_desc.o
                0x000000000800cdac                USBD_FS_LangIDStrDescriptor
 .text.USBD_FS_ProductStrDescriptor
                0x000000000800cdd0       0x3c USB_DEVICE/App/usbd_desc.o
                0x000000000800cdd0                USBD_FS_ProductStrDescriptor
 .text.USBD_FS_ManufacturerStrDescriptor
                0x000000000800ce0c       0x28 USB_DEVICE/App/usbd_desc.o
                0x000000000800ce0c                USBD_FS_ManufacturerStrDescriptor
 .text.USBD_FS_SerialStrDescriptor
                0x000000000800ce34       0x24 USB_DEVICE/App/usbd_desc.o
                0x000000000800ce34                USBD_FS_SerialStrDescriptor
 .text.USBD_FS_ConfigStrDescriptor
                0x000000000800ce58       0x3c USB_DEVICE/App/usbd_desc.o
                0x000000000800ce58                USBD_FS_ConfigStrDescriptor
 .text.USBD_FS_InterfaceStrDescriptor
                0x000000000800ce94       0x3c USB_DEVICE/App/usbd_desc.o
                0x000000000800ce94                USBD_FS_InterfaceStrDescriptor
 .text.USBD_FS_USR_BOSDescriptor
                0x000000000800ced0       0x24 USB_DEVICE/App/usbd_desc.o
                0x000000000800ced0                USBD_FS_USR_BOSDescriptor
 .text.Get_SerialNum
                0x000000000800cef4       0x58 USB_DEVICE/App/usbd_desc.o
 .text.IntToUnicode
                0x000000000800cf4c       0x7c USB_DEVICE/App/usbd_desc.o
 .text.HAL_PCD_MspInit
                0x000000000800cfc8       0xa8 USB_DEVICE/Target/usbd_conf.o
                0x000000000800cfc8                HAL_PCD_MspInit
 .text.HAL_PCD_SetupStageCallback
                0x000000000800d070       0x24 USB_DEVICE/Target/usbd_conf.o
                0x000000000800d070                HAL_PCD_SetupStageCallback
 .text.HAL_PCD_DataOutStageCallback
                0x000000000800d094       0x36 USB_DEVICE/Target/usbd_conf.o
                0x000000000800d094                HAL_PCD_DataOutStageCallback
 .text.HAL_PCD_DataInStageCallback
                0x000000000800d0ca       0x34 USB_DEVICE/Target/usbd_conf.o
                0x000000000800d0ca                HAL_PCD_DataInStageCallback
 .text.HAL_PCD_SOFCallback
                0x000000000800d0fe       0x1c USB_DEVICE/Target/usbd_conf.o
                0x000000000800d0fe                HAL_PCD_SOFCallback
 .text.HAL_PCD_ResetCallback
                0x000000000800d11a       0x50 USB_DEVICE/Target/usbd_conf.o
                0x000000000800d11a                HAL_PCD_ResetCallback
 *fill*         0x000000000800d16a        0x2 
 .text.HAL_PCD_SuspendCallback
                0x000000000800d16c       0x4c USB_DEVICE/Target/usbd_conf.o
                0x000000000800d16c                HAL_PCD_SuspendCallback
 .text.HAL_PCD_ResumeCallback
                0x000000000800d1b8       0x1c USB_DEVICE/Target/usbd_conf.o
                0x000000000800d1b8                HAL_PCD_ResumeCallback
 .text.HAL_PCD_ISOOUTIncompleteCallback
                0x000000000800d1d4       0x24 USB_DEVICE/Target/usbd_conf.o
                0x000000000800d1d4                HAL_PCD_ISOOUTIncompleteCallback
 .text.HAL_PCD_ISOINIncompleteCallback
                0x000000000800d1f8       0x24 USB_DEVICE/Target/usbd_conf.o
                0x000000000800d1f8                HAL_PCD_ISOINIncompleteCallback
 .text.HAL_PCD_ConnectCallback
                0x000000000800d21c       0x1c USB_DEVICE/Target/usbd_conf.o
                0x000000000800d21c                HAL_PCD_ConnectCallback
 .text.HAL_PCD_DisconnectCallback
                0x000000000800d238       0x1c USB_DEVICE/Target/usbd_conf.o
                0x000000000800d238                HAL_PCD_DisconnectCallback
 .text.USBD_LL_Init
                0x000000000800d254       0x98 USB_DEVICE/Target/usbd_conf.o
                0x000000000800d254                USBD_LL_Init
 .text.USBD_LL_Start
                0x000000000800d2ec       0x36 USB_DEVICE/Target/usbd_conf.o
                0x000000000800d2ec                USBD_LL_Start
 .text.USBD_LL_OpenEP
                0x000000000800d322       0x4c USB_DEVICE/Target/usbd_conf.o
                0x000000000800d322                USBD_LL_OpenEP
 .text.USBD_LL_CloseEP
                0x000000000800d36e       0x3e USB_DEVICE/Target/usbd_conf.o
                0x000000000800d36e                USBD_LL_CloseEP
 .text.USBD_LL_StallEP
                0x000000000800d3ac       0x3e USB_DEVICE/Target/usbd_conf.o
                0x000000000800d3ac                USBD_LL_StallEP
 .text.USBD_LL_ClearStallEP
                0x000000000800d3ea       0x3e USB_DEVICE/Target/usbd_conf.o
                0x000000000800d3ea                USBD_LL_ClearStallEP
 .text.USBD_LL_IsStallEP
                0x000000000800d428       0x58 USB_DEVICE/Target/usbd_conf.o
                0x000000000800d428                USBD_LL_IsStallEP
 .text.USBD_LL_SetUSBAddress
                0x000000000800d480       0x3e USB_DEVICE/Target/usbd_conf.o
                0x000000000800d480                USBD_LL_SetUSBAddress
 .text.USBD_LL_Transmit
                0x000000000800d4be       0x42 USB_DEVICE/Target/usbd_conf.o
                0x000000000800d4be                USBD_LL_Transmit
 .text.USBD_LL_PrepareReceive
                0x000000000800d500       0x42 USB_DEVICE/Target/usbd_conf.o
                0x000000000800d500                USBD_LL_PrepareReceive
 .text.USBD_LL_GetRxDataSize
                0x000000000800d542       0x26 USB_DEVICE/Target/usbd_conf.o
                0x000000000800d542                USBD_LL_GetRxDataSize
 .text.HAL_PCDEx_LPM_Callback
                0x000000000800d568       0x9c USB_DEVICE/Target/usbd_conf.o
                0x000000000800d568                HAL_PCDEx_LPM_Callback
 .text.USBD_Get_USB_Status
                0x000000000800d604       0x58 USB_DEVICE/Target/usbd_conf.o
                0x000000000800d604                USBD_Get_USB_Status
 .text.__assert_func
                0x000000000800d65c       0x3c c:/st/stm32cubeide_1.4.0/stm32cubeide/plugins/com.st.stm32cube.ide.mcu.externaltools.gnu-tools-for-stm32.7-2018-q2-update.win32_1.5.0.202011040924/tools/bin/../lib/gcc/arm-none-eabi/7.3.1/../../../../arm-none-eabi/lib/thumb/v7e-m/fpv4-sp/hard\libc_nano.a(lib_a-assert.o)
                0x000000000800d65c                __assert_func
 .text.__errno  0x000000000800d698        0xc c:/st/stm32cubeide_1.4.0/stm32cubeide/plugins/com.st.stm32cube.ide.mcu.externaltools.gnu-tools-for-stm32.7-2018-q2-update.win32_1.5.0.202011040924/tools/bin/../lib/gcc/arm-none-eabi/7.3.1/../../../../arm-none-eabi/lib/thumb/v7e-m/fpv4-sp/hard\libc_nano.a(lib_a-errno.o)
                0x000000000800d698                __errno
 .text.fprintf  0x000000000800d6a4       0x24 c:/st/stm32cubeide_1.4.0/stm32cubeide/plugins/com.st.stm32cube.ide.mcu.externaltools.gnu-tools-for-stm32.7-2018-q2-update.win32_1.5.0.202011040924/tools/bin/../lib/gcc/arm-none-eabi/7.3.1/../../../../arm-none-eabi/lib/thumb/v7e-m/fpv4-sp/hard\libc_nano.a(lib_a-fprintf.o)
                0x000000000800d6a4                fiprintf
                0x000000000800d6a4                fprintf
 .text.__libc_init_array
                0x000000000800d6c8       0x48 c:/st/stm32cubeide_1.4.0/stm32cubeide/plugins/com.st.stm32cube.ide.mcu.externaltools.gnu-tools-for-stm32.7-2018-q2-update.win32_1.5.0.202011040924/tools/bin/../lib/gcc/arm-none-eabi/7.3.1/../../../../arm-none-eabi/lib/thumb/v7e-m/fpv4-sp/hard\libc_nano.a(lib_a-init.o)
                0x000000000800d6c8                __libc_init_array
 .text.malloc   0x000000000800d710       0x10 c:/st/stm32cubeide_1.4.0/stm32cubeide/plugins/com.st.stm32cube.ide.mcu.externaltools.gnu-tools-for-stm32.7-2018-q2-update.win32_1.5.0.202011040924/tools/bin/../lib/gcc/arm-none-eabi/7.3.1/../../../../arm-none-eabi/lib/thumb/v7e-m/fpv4-sp/hard\libc_nano.a(lib_a-malloc.o)
                0x000000000800d710                malloc
 .text.free     0x000000000800d720       0x10 c:/st/stm32cubeide_1.4.0/stm32cubeide/plugins/com.st.stm32cube.ide.mcu.externaltools.gnu-tools-for-stm32.7-2018-q2-update.win32_1.5.0.202011040924/tools/bin/../lib/gcc/arm-none-eabi/7.3.1/../../../../arm-none-eabi/lib/thumb/v7e-m/fpv4-sp/hard\libc_nano.a(lib_a-malloc.o)
                0x000000000800d720                free
 .text.memcpy   0x000000000800d730       0x16 c:/st/stm32cubeide_1.4.0/stm32cubeide/plugins/com.st.stm32cube.ide.mcu.externaltools.gnu-tools-for-stm32.7-2018-q2-update.win32_1.5.0.202011040924/tools/bin/../lib/gcc/arm-none-eabi/7.3.1/../../../../arm-none-eabi/lib/thumb/v7e-m/fpv4-sp/hard\libc_nano.a(lib_a-memcpy-stub.o)
                0x000000000800d730                memcpy
 .text.memset   0x000000000800d746       0x10 c:/st/stm32cubeide_1.4.0/stm32cubeide/plugins/com.st.stm32cube.ide.mcu.externaltools.gnu-tools-for-stm32.7-2018-q2-update.win32_1.5.0.202011040924/tools/bin/../lib/gcc/arm-none-eabi/7.3.1/../../../../arm-none-eabi/lib/thumb/v7e-m/fpv4-sp/hard\libc_nano.a(lib_a-memset.o)
                0x000000000800d746                memset
 *fill*         0x000000000800d756        0x2 
 .text._free_r  0x000000000800d758       0x9c c:/st/stm32cubeide_1.4.0/stm32cubeide/plugins/com.st.stm32cube.ide.mcu.externaltools.gnu-tools-for-stm32.7-2018-q2-update.win32_1.5.0.202011040924/tools/bin/../lib/gcc/arm-none-eabi/7.3.1/../../../../arm-none-eabi/lib/thumb/v7e-m/fpv4-sp/hard\libc_nano.a(lib_a-nano-freer.o)
                0x000000000800d758                _free_r
 .text._malloc_r
                0x000000000800d7f4       0xb4 c:/st/stm32cubeide_1.4.0/stm32cubeide/plugins/com.st.stm32cube.ide.mcu.externaltools.gnu-tools-for-stm32.7-2018-q2-update.win32_1.5.0.202011040924/tools/bin/../lib/gcc/arm-none-eabi/7.3.1/../../../../arm-none-eabi/lib/thumb/v7e-m/fpv4-sp/hard\libc_nano.a(lib_a-nano-mallocr.o)
                0x000000000800d7f4                _malloc_r
 .text.__sfputc_r
                0x000000000800d8a8       0x2e c:/st/stm32cubeide_1.4.0/stm32cubeide/plugins/com.st.stm32cube.ide.mcu.externaltools.gnu-tools-for-stm32.7-2018-q2-update.win32_1.5.0.202011040924/tools/bin/../lib/gcc/arm-none-eabi/7.3.1/../../../../arm-none-eabi/lib/thumb/v7e-m/fpv4-sp/hard\libc_nano.a(lib_a-nano-vfprintf.o)
 .text.__sfputs_r
                0x000000000800d8d6       0x24 c:/st/stm32cubeide_1.4.0/stm32cubeide/plugins/com.st.stm32cube.ide.mcu.externaltools.gnu-tools-for-stm32.7-2018-q2-update.win32_1.5.0.202011040924/tools/bin/../lib/gcc/arm-none-eabi/7.3.1/../../../../arm-none-eabi/lib/thumb/v7e-m/fpv4-sp/hard\libc_nano.a(lib_a-nano-vfprintf.o)
                0x000000000800d8d6                __sfputs_r
 *fill*         0x000000000800d8fa        0x2 
 .text._vfprintf_r
                0x000000000800d8fc      0x22c c:/st/stm32cubeide_1.4.0/stm32cubeide/plugins/com.st.stm32cube.ide.mcu.externaltools.gnu-tools-for-stm32.7-2018-q2-update.win32_1.5.0.202011040924/tools/bin/../lib/gcc/arm-none-eabi/7.3.1/../../../../arm-none-eabi/lib/thumb/v7e-m/fpv4-sp/hard\libc_nano.a(lib_a-nano-vfprintf.o)
                0x000000000800d8fc                _vfprintf_r
                0x000000000800d8fc                _vfiprintf_r
 .text.__cvt    0x000000000800db28       0xc2 c:/st/stm32cubeide_1.4.0/stm32cubeide/plugins/com.st.stm32cube.ide.mcu.externaltools.gnu-tools-for-stm32.7-2018-q2-update.win32_1.5.0.202011040924/tools/bin/../lib/gcc/arm-none-eabi/7.3.1/../../../../arm-none-eabi/lib/thumb/v7e-m/fpv4-sp/hard\libc_nano.a(lib_a-nano-vfprintf_float.o)
                0x000000000800db28                __cvt
 .text.__exponent
                0x000000000800dbea       0x66 c:/st/stm32cubeide_1.4.0/stm32cubeide/plugins/com.st.stm32cube.ide.mcu.externaltools.gnu-tools-for-stm32.7-2018-q2-update.win32_1.5.0.202011040924/tools/bin/../lib/gcc/arm-none-eabi/7.3.1/../../../../arm-none-eabi/lib/thumb/v7e-m/fpv4-sp/hard\libc_nano.a(lib_a-nano-vfprintf_float.o)
                0x000000000800dbea                __exponent
 .text._printf_float
                0x000000000800dc50      0x480 c:/st/stm32cubeide_1.4.0/stm32cubeide/plugins/com.st.stm32cube.ide.mcu.externaltools.gnu-tools-for-stm32.7-2018-q2-update.win32_1.5.0.202011040924/tools/bin/../lib/gcc/arm-none-eabi/7.3.1/../../../../arm-none-eabi/lib/thumb/v7e-m/fpv4-sp/hard\libc_nano.a(lib_a-nano-vfprintf_float.o)
                0x000000000800dc50                _printf_float
 .text._printf_common
                0x000000000800e0d0       0xea c:/st/stm32cubeide_1.4.0/stm32cubeide/plugins/com.st.stm32cube.ide.mcu.externaltools.gnu-tools-for-stm32.7-2018-q2-update.win32_1.5.0.202011040924/tools/bin/../lib/gcc/arm-none-eabi/7.3.1/../../../../arm-none-eabi/lib/thumb/v7e-m/fpv4-sp/hard\libc_nano.a(lib_a-nano-vfprintf_i.o)
                0x000000000800e0d0                _printf_common
 *fill*         0x000000000800e1ba        0x2 
 .text._printf_i
                0x000000000800e1bc      0x224 c:/st/stm32cubeide_1.4.0/stm32cubeide/plugins/com.st.stm32cube.ide.mcu.externaltools.gnu-tools-for-stm32.7-2018-q2-update.win32_1.5.0.202011040924/tools/bin/../lib/gcc/arm-none-eabi/7.3.1/../../../../arm-none-eabi/lib/thumb/v7e-m/fpv4-sp/hard\libc_nano.a(lib_a-nano-vfprintf_i.o)
                0x000000000800e1bc                _printf_i
 .text.copysign
                0x000000000800e3e0       0x1e c:/st/stm32cubeide_1.4.0/stm32cubeide/plugins/com.st.stm32cube.ide.mcu.externaltools.gnu-tools-for-stm32.7-2018-q2-update.win32_1.5.0.202011040924/tools/bin/../lib/gcc/arm-none-eabi/7.3.1/../../../../arm-none-eabi/lib/thumb/v7e-m/fpv4-sp/hard\libc_nano.a(lib_a-s_copysign.o)
                0x000000000800e3e0                copysign
 *fill*         0x000000000800e3fe        0x2 
 .text._sbrk_r  0x000000000800e400       0x20 c:/st/stm32cubeide_1.4.0/stm32cubeide/plugins/com.st.stm32cube.ide.mcu.externaltools.gnu-tools-for-stm32.7-2018-q2-update.win32_1.5.0.202011040924/tools/bin/../lib/gcc/arm-none-eabi/7.3.1/../../../../arm-none-eabi/lib/thumb/v7e-m/fpv4-sp/hard\libc_nano.a(lib_a-sbrkr.o)
                0x000000000800e400                _sbrk_r
 .text.sprintf  0x000000000800e420       0x40 c:/st/stm32cubeide_1.4.0/stm32cubeide/plugins/com.st.stm32cube.ide.mcu.externaltools.gnu-tools-for-stm32.7-2018-q2-update.win32_1.5.0.202011040924/tools/bin/../lib/gcc/arm-none-eabi/7.3.1/../../../../arm-none-eabi/lib/thumb/v7e-m/fpv4-sp/hard\libc_nano.a(lib_a-sprintf.o)
                0x000000000800e420                siprintf
                0x000000000800e420                sprintf
 .text.__sread  0x000000000800e460       0x22 c:/st/stm32cubeide_1.4.0/stm32cubeide/plugins/com.st.stm32cube.ide.mcu.externaltools.gnu-tools-for-stm32.7-2018-q2-update.win32_1.5.0.202011040924/tools/bin/../lib/gcc/arm-none-eabi/7.3.1/../../../../arm-none-eabi/lib/thumb/v7e-m/fpv4-sp/hard\libc_nano.a(lib_a-stdio.o)
                0x000000000800e460                __sread
 .text.__swrite
                0x000000000800e482       0x38 c:/st/stm32cubeide_1.4.0/stm32cubeide/plugins/com.st.stm32cube.ide.mcu.externaltools.gnu-tools-for-stm32.7-2018-q2-update.win32_1.5.0.202011040924/tools/bin/../lib/gcc/arm-none-eabi/7.3.1/../../../../arm-none-eabi/lib/thumb/v7e-m/fpv4-sp/hard\libc_nano.a(lib_a-stdio.o)
                0x000000000800e482                __swrite
 .text.__sseek  0x000000000800e4ba       0x24 c:/st/stm32cubeide_1.4.0/stm32cubeide/plugins/com.st.stm32cube.ide.mcu.externaltools.gnu-tools-for-stm32.7-2018-q2-update.win32_1.5.0.202011040924/tools/bin/../lib/gcc/arm-none-eabi/7.3.1/../../../../arm-none-eabi/lib/thumb/v7e-m/fpv4-sp/hard\libc_nano.a(lib_a-stdio.o)
                0x000000000800e4ba                __sseek
 .text.__sclose
                0x000000000800e4de        0x8 c:/st/stm32cubeide_1.4.0/stm32cubeide/plugins/com.st.stm32cube.ide.mcu.externaltools.gnu-tools-for-stm32.7-2018-q2-update.win32_1.5.0.202011040924/tools/bin/../lib/gcc/arm-none-eabi/7.3.1/../../../../arm-none-eabi/lib/thumb/v7e-m/fpv4-sp/hard\libc_nano.a(lib_a-stdio.o)
                0x000000000800e4de                __sclose
 *fill*         0x000000000800e4e6        0x2 
 .text.__swbuf_r
                0x000000000800e4e8       0xa4 c:/st/stm32cubeide_1.4.0/stm32cubeide/plugins/com.st.stm32cube.ide.mcu.externaltools.gnu-tools-for-stm32.7-2018-q2-update.win32_1.5.0.202011040924/tools/bin/../lib/gcc/arm-none-eabi/7.3.1/../../../../arm-none-eabi/lib/thumb/v7e-m/fpv4-sp/hard\libc_nano.a(lib_a-wbuf.o)
                0x000000000800e4e8                __swbuf_r
 .text._write_r
                0x000000000800e58c       0x24 c:/st/stm32cubeide_1.4.0/stm32cubeide/plugins/com.st.stm32cube.ide.mcu.externaltools.gnu-tools-for-stm32.7-2018-q2-update.win32_1.5.0.202011040924/tools/bin/../lib/gcc/arm-none-eabi/7.3.1/../../../../arm-none-eabi/lib/thumb/v7e-m/fpv4-sp/hard\libc_nano.a(lib_a-writer.o)
                0x000000000800e58c                _write_r
 .text.__swsetup_r
                0x000000000800e5b0       0xdc c:/st/stm32cubeide_1.4.0/stm32cubeide/plugins/com.st.stm32cube.ide.mcu.externaltools.gnu-tools-for-stm32.7-2018-q2-update.win32_1.5.0.202011040924/tools/bin/../lib/gcc/arm-none-eabi/7.3.1/../../../../arm-none-eabi/lib/thumb/v7e-m/fpv4-sp/hard\libc_nano.a(lib_a-wsetup.o)
                0x000000000800e5b0                __swsetup_r
 .text.abort    0x000000000800e68c        0xe c:/st/stm32cubeide_1.4.0/stm32cubeide/plugins/com.st.stm32cube.ide.mcu.externaltools.gnu-tools-for-stm32.7-2018-q2-update.win32_1.5.0.202011040924/tools/bin/../lib/gcc/arm-none-eabi/7.3.1/../../../../arm-none-eabi/lib/thumb/v7e-m/fpv4-sp/hard\libc_nano.a(lib_a-abort.o)
                0x000000000800e68c                abort
 *fill*         0x000000000800e69a        0x2 
 .text._close_r
                0x000000000800e69c       0x20 c:/st/stm32cubeide_1.4.0/stm32cubeide/plugins/com.st.stm32cube.ide.mcu.externaltools.gnu-tools-for-stm32.7-2018-q2-update.win32_1.5.0.202011040924/tools/bin/../lib/gcc/arm-none-eabi/7.3.1/../../../../arm-none-eabi/lib/thumb/v7e-m/fpv4-sp/hard\libc_nano.a(lib_a-closer.o)
                0x000000000800e69c                _close_r
 .text.quorem   0x000000000800e6bc      0x118 c:/st/stm32cubeide_1.4.0/stm32cubeide/plugins/com.st.stm32cube.ide.mcu.externaltools.gnu-tools-for-stm32.7-2018-q2-update.win32_1.5.0.202011040924/tools/bin/../lib/gcc/arm-none-eabi/7.3.1/../../../../arm-none-eabi/lib/thumb/v7e-m/fpv4-sp/hard\libc_nano.a(lib_a-dtoa.o)
 *fill*         0x000000000800e7d4        0x4 
 .text._dtoa_r  0x000000000800e7d8      0xb70 c:/st/stm32cubeide_1.4.0/stm32cubeide/plugins/com.st.stm32cube.ide.mcu.externaltools.gnu-tools-for-stm32.7-2018-q2-update.win32_1.5.0.202011040924/tools/bin/../lib/gcc/arm-none-eabi/7.3.1/../../../../arm-none-eabi/lib/thumb/v7e-m/fpv4-sp/hard\libc_nano.a(lib_a-dtoa.o)
                0x000000000800e7d8                _dtoa_r
 .text.__sflush_r
                0x000000000800f348      0x10c c:/st/stm32cubeide_1.4.0/stm32cubeide/plugins/com.st.stm32cube.ide.mcu.externaltools.gnu-tools-for-stm32.7-2018-q2-update.win32_1.5.0.202011040924/tools/bin/../lib/gcc/arm-none-eabi/7.3.1/../../../../arm-none-eabi/lib/thumb/v7e-m/fpv4-sp/hard\libc_nano.a(lib_a-fflush.o)
                0x000000000800f348                __sflush_r
 .text._fflush_r
                0x000000000800f454       0x54 c:/st/stm32cubeide_1.4.0/stm32cubeide/plugins/com.st.stm32cube.ide.mcu.externaltools.gnu-tools-for-stm32.7-2018-q2-update.win32_1.5.0.202011040924/tools/bin/../lib/gcc/arm-none-eabi/7.3.1/../../../../arm-none-eabi/lib/thumb/v7e-m/fpv4-sp/hard\libc_nano.a(lib_a-fflush.o)
                0x000000000800f454                _fflush_r
 .text.std      0x000000000800f4a8       0x48 c:/st/stm32cubeide_1.4.0/stm32cubeide/plugins/com.st.stm32cube.ide.mcu.externaltools.gnu-tools-for-stm32.7-2018-q2-update.win32_1.5.0.202011040924/tools/bin/../lib/gcc/arm-none-eabi/7.3.1/../../../../arm-none-eabi/lib/thumb/v7e-m/fpv4-sp/hard\libc_nano.a(lib_a-findfp.o)
 .text._cleanup_r
                0x000000000800f4f0        0xc c:/st/stm32cubeide_1.4.0/stm32cubeide/plugins/com.st.stm32cube.ide.mcu.externaltools.gnu-tools-for-stm32.7-2018-q2-update.win32_1.5.0.202011040924/tools/bin/../lib/gcc/arm-none-eabi/7.3.1/../../../../arm-none-eabi/lib/thumb/v7e-m/fpv4-sp/hard\libc_nano.a(lib_a-findfp.o)
                0x000000000800f4f0                _cleanup_r
 .text.__sfmoreglue
                0x000000000800f4fc       0x2c c:/st/stm32cubeide_1.4.0/stm32cubeide/plugins/com.st.stm32cube.ide.mcu.externaltools.gnu-tools-for-stm32.7-2018-q2-update.win32_1.5.0.202011040924/tools/bin/../lib/gcc/arm-none-eabi/7.3.1/../../../../arm-none-eabi/lib/thumb/v7e-m/fpv4-sp/hard\libc_nano.a(lib_a-findfp.o)
                0x000000000800f4fc                __sfmoreglue
 .text.__sinit  0x000000000800f528       0x60 c:/st/stm32cubeide_1.4.0/stm32cubeide/plugins/com.st.stm32cube.ide.mcu.externaltools.gnu-tools-for-stm32.7-2018-q2-update.win32_1.5.0.202011040924/tools/bin/../lib/gcc/arm-none-eabi/7.3.1/../../../../arm-none-eabi/lib/thumb/v7e-m/fpv4-sp/hard\libc_nano.a(lib_a-findfp.o)
                0x000000000800f528                __sinit
 .text.__sfp    0x000000000800f588       0x78 c:/st/stm32cubeide_1.4.0/stm32cubeide/plugins/com.st.stm32cube.ide.mcu.externaltools.gnu-tools-for-stm32.7-2018-q2-update.win32_1.5.0.202011040924/tools/bin/../lib/gcc/arm-none-eabi/7.3.1/../../../../arm-none-eabi/lib/thumb/v7e-m/fpv4-sp/hard\libc_nano.a(lib_a-findfp.o)
                0x000000000800f588                __sfp
 .text._fwalk_reent
                0x000000000800f600       0x3c c:/st/stm32cubeide_1.4.0/stm32cubeide/plugins/com.st.stm32cube.ide.mcu.externaltools.gnu-tools-for-stm32.7-2018-q2-update.win32_1.5.0.202011040924/tools/bin/../lib/gcc/arm-none-eabi/7.3.1/../../../../arm-none-eabi/lib/thumb/v7e-m/fpv4-sp/hard\libc_nano.a(lib_a-fwalk.o)
                0x000000000800f600                _fwalk_reent
 .text._localeconv_r
                0x000000000800f63c       0x1c c:/st/stm32cubeide_1.4.0/stm32cubeide/plugins/com.st.stm32cube.ide.mcu.externaltools.gnu-tools-for-stm32.7-2018-q2-update.win32_1.5.0.202011040924/tools/bin/../lib/gcc/arm-none-eabi/7.3.1/../../../../arm-none-eabi/lib/thumb/v7e-m/fpv4-sp/hard\libc_nano.a(lib_a-localeconv.o)
                0x000000000800f63c                _localeconv_r
 .text._lseek_r
                0x000000000800f658       0x24 c:/st/stm32cubeide_1.4.0/stm32cubeide/plugins/com.st.stm32cube.ide.mcu.externaltools.gnu-tools-for-stm32.7-2018-q2-update.win32_1.5.0.202011040924/tools/bin/../lib/gcc/arm-none-eabi/7.3.1/../../../../arm-none-eabi/lib/thumb/v7e-m/fpv4-sp/hard\libc_nano.a(lib_a-lseekr.o)
                0x000000000800f658                _lseek_r
 .text.__swhatbuf_r
                0x000000000800f67c       0x48 c:/st/stm32cubeide_1.4.0/stm32cubeide/plugins/com.st.stm32cube.ide.mcu.externaltools.gnu-tools-for-stm32.7-2018-q2-update.win32_1.5.0.202011040924/tools/bin/../lib/gcc/arm-none-eabi/7.3.1/../../../../arm-none-eabi/lib/thumb/v7e-m/fpv4-sp/hard\libc_nano.a(lib_a-makebuf.o)
                0x000000000800f67c                __swhatbuf_r
 .text.__smakebuf_r
                0x000000000800f6c4       0x80 c:/st/stm32cubeide_1.4.0/stm32cubeide/plugins/com.st.stm32cube.ide.mcu.externaltools.gnu-tools-for-stm32.7-2018-q2-update.win32_1.5.0.202011040924/tools/bin/../lib/gcc/arm-none-eabi/7.3.1/../../../../arm-none-eabi/lib/thumb/v7e-m/fpv4-sp/hard\libc_nano.a(lib_a-makebuf.o)
                0x000000000800f6c4                __smakebuf_r
 .text.memmove  0x000000000800f744       0x32 c:/st/stm32cubeide_1.4.0/stm32cubeide/plugins/com.st.stm32cube.ide.mcu.externaltools.gnu-tools-for-stm32.7-2018-q2-update.win32_1.5.0.202011040924/tools/bin/../lib/gcc/arm-none-eabi/7.3.1/../../../../arm-none-eabi/lib/thumb/v7e-m/fpv4-sp/hard\libc_nano.a(lib_a-memmove.o)
                0x000000000800f744                memmove
 .text.__malloc_lock
                0x000000000800f776        0x2 c:/st/stm32cubeide_1.4.0/stm32cubeide/plugins/com.st.stm32cube.ide.mcu.externaltools.gnu-tools-for-stm32.7-2018-q2-update.win32_1.5.0.202011040924/tools/bin/../lib/gcc/arm-none-eabi/7.3.1/../../../../arm-none-eabi/lib/thumb/v7e-m/fpv4-sp/hard\libc_nano.a(lib_a-mlock.o)
                0x000000000800f776                __malloc_lock
 .text.__malloc_unlock
                0x000000000800f778        0x2 c:/st/stm32cubeide_1.4.0/stm32cubeide/plugins/com.st.stm32cube.ide.mcu.externaltools.gnu-tools-for-stm32.7-2018-q2-update.win32_1.5.0.202011040924/tools/bin/../lib/gcc/arm-none-eabi/7.3.1/../../../../arm-none-eabi/lib/thumb/v7e-m/fpv4-sp/hard\libc_nano.a(lib_a-mlock.o)
                0x000000000800f778                __malloc_unlock
 .text._Balloc  0x000000000800f77a       0x68 c:/st/stm32cubeide_1.4.0/stm32cubeide/plugins/com.st.stm32cube.ide.mcu.externaltools.gnu-tools-for-stm32.7-2018-q2-update.win32_1.5.0.202011040924/tools/bin/../lib/gcc/arm-none-eabi/7.3.1/../../../../arm-none-eabi/lib/thumb/v7e-m/fpv4-sp/hard\libc_nano.a(lib_a-mprec.o)
                0x000000000800f77a                _Balloc
 .text._Bfree   0x000000000800f7e2       0x2e c:/st/stm32cubeide_1.4.0/stm32cubeide/plugins/com.st.stm32cube.ide.mcu.externaltools.gnu-tools-for-stm32.7-2018-q2-update.win32_1.5.0.202011040924/tools/bin/../lib/gcc/arm-none-eabi/7.3.1/../../../../arm-none-eabi/lib/thumb/v7e-m/fpv4-sp/hard\libc_nano.a(lib_a-mprec.o)
                0x000000000800f7e2                _Bfree
 .text.__multadd
                0x000000000800f810       0x76 c:/st/stm32cubeide_1.4.0/stm32cubeide/plugins/com.st.stm32cube.ide.mcu.externaltools.gnu-tools-for-stm32.7-2018-q2-update.win32_1.5.0.202011040924/tools/bin/../lib/gcc/arm-none-eabi/7.3.1/../../../../arm-none-eabi/lib/thumb/v7e-m/fpv4-sp/hard\libc_nano.a(lib_a-mprec.o)
                0x000000000800f810                __multadd
 .text.__hi0bits
                0x000000000800f886       0x3e c:/st/stm32cubeide_1.4.0/stm32cubeide/plugins/com.st.stm32cube.ide.mcu.externaltools.gnu-tools-for-stm32.7-2018-q2-update.win32_1.5.0.202011040924/tools/bin/../lib/gcc/arm-none-eabi/7.3.1/../../../../arm-none-eabi/lib/thumb/v7e-m/fpv4-sp/hard\libc_nano.a(lib_a-mprec.o)
                0x000000000800f886                __hi0bits
 .text.__lo0bits
                0x000000000800f8c4       0x5e c:/st/stm32cubeide_1.4.0/stm32cubeide/plugins/com.st.stm32cube.ide.mcu.externaltools.gnu-tools-for-stm32.7-2018-q2-update.win32_1.5.0.202011040924/tools/bin/../lib/gcc/arm-none-eabi/7.3.1/../../../../arm-none-eabi/lib/thumb/v7e-m/fpv4-sp/hard\libc_nano.a(lib_a-mprec.o)
                0x000000000800f8c4                __lo0bits
 .text.__i2b    0x000000000800f922       0x12 c:/st/stm32cubeide_1.4.0/stm32cubeide/plugins/com.st.stm32cube.ide.mcu.externaltools.gnu-tools-for-stm32.7-2018-q2-update.win32_1.5.0.202011040924/tools/bin/../lib/gcc/arm-none-eabi/7.3.1/../../../../arm-none-eabi/lib/thumb/v7e-m/fpv4-sp/hard\libc_nano.a(lib_a-mprec.o)
                0x000000000800f922                __i2b
 .text.__multiply
                0x000000000800f934      0x12c c:/st/stm32cubeide_1.4.0/stm32cubeide/plugins/com.st.stm32cube.ide.mcu.externaltools.gnu-tools-for-stm32.7-2018-q2-update.win32_1.5.0.202011040924/tools/bin/../lib/gcc/arm-none-eabi/7.3.1/../../../../arm-none-eabi/lib/thumb/v7e-m/fpv4-sp/hard\libc_nano.a(lib_a-mprec.o)
                0x000000000800f934                __multiply
 .text.__pow5mult
                0x000000000800fa60       0x9c c:/st/stm32cubeide_1.4.0/stm32cubeide/plugins/com.st.stm32cube.ide.mcu.externaltools.gnu-tools-for-stm32.7-2018-q2-update.win32_1.5.0.202011040924/tools/bin/../lib/gcc/arm-none-eabi/7.3.1/../../../../arm-none-eabi/lib/thumb/v7e-m/fpv4-sp/hard\libc_nano.a(lib_a-mprec.o)
                0x000000000800fa60                __pow5mult
 .text.__lshift
                0x000000000800fafc       0xa8 c:/st/stm32cubeide_1.4.0/stm32cubeide/plugins/com.st.stm32cube.ide.mcu.externaltools.gnu-tools-for-stm32.7-2018-q2-update.win32_1.5.0.202011040924/tools/bin/../lib/gcc/arm-none-eabi/7.3.1/../../../../arm-none-eabi/lib/thumb/v7e-m/fpv4-sp/hard\libc_nano.a(lib_a-mprec.o)
                0x000000000800fafc                __lshift
 .text.__mcmp   0x000000000800fba4       0x34 c:/st/stm32cubeide_1.4.0/stm32cubeide/plugins/com.st.stm32cube.ide.mcu.externaltools.gnu-tools-for-stm32.7-2018-q2-update.win32_1.5.0.202011040924/tools/bin/../lib/gcc/arm-none-eabi/7.3.1/../../../../arm-none-eabi/lib/thumb/v7e-m/fpv4-sp/hard\libc_nano.a(lib_a-mprec.o)
                0x000000000800fba4                __mcmp
 .text.__mdiff  0x000000000800fbd8       0xba c:/st/stm32cubeide_1.4.0/stm32cubeide/plugins/com.st.stm32cube.ide.mcu.externaltools.gnu-tools-for-stm32.7-2018-q2-update.win32_1.5.0.202011040924/tools/bin/../lib/gcc/arm-none-eabi/7.3.1/../../../../arm-none-eabi/lib/thumb/v7e-m/fpv4-sp/hard\libc_nano.a(lib_a-mprec.o)
                0x000000000800fbd8                __mdiff
 .text.__d2b    0x000000000800fc92       0x9e c:/st/stm32cubeide_1.4.0/stm32cubeide/plugins/com.st.stm32cube.ide.mcu.externaltools.gnu-tools-for-stm32.7-2018-q2-update.win32_1.5.0.202011040924/tools/bin/../lib/gcc/arm-none-eabi/7.3.1/../../../../arm-none-eabi/lib/thumb/v7e-m/fpv4-sp/hard\libc_nano.a(lib_a-mprec.o)
                0x000000000800fc92                __d2b
 .text._calloc_r
                0x000000000800fd30       0x1c c:/st/stm32cubeide_1.4.0/stm32cubeide/plugins/com.st.stm32cube.ide.mcu.externaltools.gnu-tools-for-stm32.7-2018-q2-update.win32_1.5.0.202011040924/tools/bin/../lib/gcc/arm-none-eabi/7.3.1/../../../../arm-none-eabi/lib/thumb/v7e-m/fpv4-sp/hard\libc_nano.a(lib_a-nano-callocr.o)
                0x000000000800fd30                _calloc_r
 .text._realloc_r
                0x000000000800fd4c       0x4c c:/st/stm32cubeide_1.4.0/stm32cubeide/plugins/com.st.stm32cube.ide.mcu.externaltools.gnu-tools-for-stm32.7-2018-q2-update.win32_1.5.0.202011040924/tools/bin/../lib/gcc/arm-none-eabi/7.3.1/../../../../arm-none-eabi/lib/thumb/v7e-m/fpv4-sp/hard\libc_nano.a(lib_a-nano-reallocr.o)
                0x000000000800fd4c                _realloc_r
 .text.__ssputs_r
                0x000000000800fd98       0xb4 c:/st/stm32cubeide_1.4.0/stm32cubeide/plugins/com.st.stm32cube.ide.mcu.externaltools.gnu-tools-for-stm32.7-2018-q2-update.win32_1.5.0.202011040924/tools/bin/../lib/gcc/arm-none-eabi/7.3.1/../../../../arm-none-eabi/lib/thumb/v7e-m/fpv4-sp/hard\libc_nano.a(lib_a-nano-svfprintf.o)
                0x000000000800fd98                __ssputs_r
 .text._svfprintf_r
                0x000000000800fe4c      0x1f0 c:/st/stm32cubeide_1.4.0/stm32cubeide/plugins/com.st.stm32cube.ide.mcu.externaltools.gnu-tools-for-stm32.7-2018-q2-update.win32_1.5.0.202011040924/tools/bin/../lib/gcc/arm-none-eabi/7.3.1/../../../../arm-none-eabi/lib/thumb/v7e-m/fpv4-sp/hard\libc_nano.a(lib_a-nano-svfprintf.o)
                0x000000000800fe4c                _svfiprintf_r
                0x000000000800fe4c                _svfprintf_r
 .text._read_r  0x000000000801003c       0x24 c:/st/stm32cubeide_1.4.0/stm32cubeide/plugins/com.st.stm32cube.ide.mcu.externaltools.gnu-tools-for-stm32.7-2018-q2-update.win32_1.5.0.202011040924/tools/bin/../lib/gcc/arm-none-eabi/7.3.1/../../../../arm-none-eabi/lib/thumb/v7e-m/fpv4-sp/hard\libc_nano.a(lib_a-readr.o)
                0x000000000801003c                _read_r
 .text._raise_r